../Core/Src/main.c:84:5:_write	24	static
../Core/Src/main.c:96:5:main	8752	static
../Core/Src/main.c:257:13:MX_I2C1_Init	8	static
../Core/Src/main.c:305:13:MX_I2C2_Init	8	static
../Core/Src/main.c:353:13:MX_I2C4_Init	8	static
../Core/Src/main.c:401:13:MX_SPI1_Init	8	static
../Core/Src/main.c:449:13:MX_USART2_UART_Init	8	static
../Core/Src/main.c:497:13:MX_USART3_UART_Init	8	static
../Core/Src/main.c:545:13:MX_GPIO_Init	48	static
../Core/Src/main.c:579:6:Error_Handler	4	static,ignoring_inline_asm
