Archive member included to satisfy reference by file (symbol)

E:/ST/STM32CubeIDE_1.17.0/STM32CubeIDE/plugins/com.st.stm32cube.ide.mcu.externaltools.gnu-tools-for-stm32.12.3.rel1.win32_1.1.0.202410251130/tools/bin/../lib/gcc/arm-none-eabi/12.3.1/../../../../arm-none-eabi/lib/thumb/v7e-m+fp/hard\libc_nano.a(libc_a-exit.o)
                              E:/ST/STM32CubeIDE_1.17.0/STM32CubeIDE/plugins/com.st.stm32cube.ide.mcu.externaltools.gnu-tools-for-stm32.12.3.rel1.win32_1.1.0.202410251130/tools/bin/../lib/gcc/arm-none-eabi/12.3.1/../../../../arm-none-eabi/lib/thumb/v7e-m+fp/hard/crt0.o (exit)
E:/ST/STM32CubeIDE_1.17.0/STM32CubeIDE/plugins/com.st.stm32cube.ide.mcu.externaltools.gnu-tools-for-stm32.12.3.rel1.win32_1.1.0.202410251130/tools/bin/../lib/gcc/arm-none-eabi/12.3.1/../../../../arm-none-eabi/lib/thumb/v7e-m+fp/hard\libc_nano.a(libc_a-nano-vfprintf_float.o)
                              (_printf_float)
E:/ST/STM32CubeIDE_1.17.0/STM32CubeIDE/plugins/com.st.stm32cube.ide.mcu.externaltools.gnu-tools-for-stm32.12.3.rel1.win32_1.1.0.202410251130/tools/bin/../lib/gcc/arm-none-eabi/12.3.1/../../../../arm-none-eabi/lib/thumb/v7e-m+fp/hard\libc_nano.a(libc_a-nano-vfprintf_i.o)
                              E:/ST/STM32CubeIDE_1.17.0/STM32CubeIDE/plugins/com.st.stm32cube.ide.mcu.externaltools.gnu-tools-for-stm32.12.3.rel1.win32_1.1.0.202410251130/tools/bin/../lib/gcc/arm-none-eabi/12.3.1/../../../../arm-none-eabi/lib/thumb/v7e-m+fp/hard\libc_nano.a(libc_a-nano-vfprintf_float.o) (_printf_common)
E:/ST/STM32CubeIDE_1.17.0/STM32CubeIDE/plugins/com.st.stm32cube.ide.mcu.externaltools.gnu-tools-for-stm32.12.3.rel1.win32_1.1.0.202410251130/tools/bin/../lib/gcc/arm-none-eabi/12.3.1/../../../../arm-none-eabi/lib/thumb/v7e-m+fp/hard\libc_nano.a(libc_a-findfp.o)
                              E:/ST/STM32CubeIDE_1.17.0/STM32CubeIDE/plugins/com.st.stm32cube.ide.mcu.externaltools.gnu-tools-for-stm32.12.3.rel1.win32_1.1.0.202410251130/tools/bin/../lib/gcc/arm-none-eabi/12.3.1/../../../../arm-none-eabi/lib/thumb/v7e-m+fp/hard\libc_nano.a(libc_a-exit.o) (__stdio_exit_handler)
E:/ST/STM32CubeIDE_1.17.0/STM32CubeIDE/plugins/com.st.stm32cube.ide.mcu.externaltools.gnu-tools-for-stm32.12.3.rel1.win32_1.1.0.202410251130/tools/bin/../lib/gcc/arm-none-eabi/12.3.1/../../../../arm-none-eabi/lib/thumb/v7e-m+fp/hard\libc_nano.a(libc_a-fwalk.o)
                              E:/ST/STM32CubeIDE_1.17.0/STM32CubeIDE/plugins/com.st.stm32cube.ide.mcu.externaltools.gnu-tools-for-stm32.12.3.rel1.win32_1.1.0.202410251130/tools/bin/../lib/gcc/arm-none-eabi/12.3.1/../../../../arm-none-eabi/lib/thumb/v7e-m+fp/hard\libc_nano.a(libc_a-findfp.o) (_fwalk_sglue)
E:/ST/STM32CubeIDE_1.17.0/STM32CubeIDE/plugins/com.st.stm32cube.ide.mcu.externaltools.gnu-tools-for-stm32.12.3.rel1.win32_1.1.0.202410251130/tools/bin/../lib/gcc/arm-none-eabi/12.3.1/../../../../arm-none-eabi/lib/thumb/v7e-m+fp/hard\libc_nano.a(libc_a-printf.o)
                              ./Core/Src/main.o (printf)
E:/ST/STM32CubeIDE_1.17.0/STM32CubeIDE/plugins/com.st.stm32cube.ide.mcu.externaltools.gnu-tools-for-stm32.12.3.rel1.win32_1.1.0.202410251130/tools/bin/../lib/gcc/arm-none-eabi/12.3.1/../../../../arm-none-eabi/lib/thumb/v7e-m+fp/hard\libc_nano.a(libc_a-puts.o)
                              ./Core/Src/main.o (puts)
E:/ST/STM32CubeIDE_1.17.0/STM32CubeIDE/plugins/com.st.stm32cube.ide.mcu.externaltools.gnu-tools-for-stm32.12.3.rel1.win32_1.1.0.202410251130/tools/bin/../lib/gcc/arm-none-eabi/12.3.1/../../../../arm-none-eabi/lib/thumb/v7e-m+fp/hard\libc_nano.a(libc_a-sprintf.o)
                              ./Core/Src/main.o (sprintf)
E:/ST/STM32CubeIDE_1.17.0/STM32CubeIDE/plugins/com.st.stm32cube.ide.mcu.externaltools.gnu-tools-for-stm32.12.3.rel1.win32_1.1.0.202410251130/tools/bin/../lib/gcc/arm-none-eabi/12.3.1/../../../../arm-none-eabi/lib/thumb/v7e-m+fp/hard\libc_nano.a(libc_a-stdio.o)
                              E:/ST/STM32CubeIDE_1.17.0/STM32CubeIDE/plugins/com.st.stm32cube.ide.mcu.externaltools.gnu-tools-for-stm32.12.3.rel1.win32_1.1.0.202410251130/tools/bin/../lib/gcc/arm-none-eabi/12.3.1/../../../../arm-none-eabi/lib/thumb/v7e-m+fp/hard\libc_nano.a(libc_a-findfp.o) (__sread)
E:/ST/STM32CubeIDE_1.17.0/STM32CubeIDE/plugins/com.st.stm32cube.ide.mcu.externaltools.gnu-tools-for-stm32.12.3.rel1.win32_1.1.0.202410251130/tools/bin/../lib/gcc/arm-none-eabi/12.3.1/../../../../arm-none-eabi/lib/thumb/v7e-m+fp/hard\libc_nano.a(libc_a-wbuf.o)
                              E:/ST/STM32CubeIDE_1.17.0/STM32CubeIDE/plugins/com.st.stm32cube.ide.mcu.externaltools.gnu-tools-for-stm32.12.3.rel1.win32_1.1.0.202410251130/tools/bin/../lib/gcc/arm-none-eabi/12.3.1/../../../../arm-none-eabi/lib/thumb/v7e-m+fp/hard\libc_nano.a(libc_a-puts.o) (__swbuf_r)
[...]
Memory Configuration

Name             Origin             Length             Attributes
FLASH            0x08100000         0x00100000         xr
RAM              0x10000000         0x00048000         xrw
*default*        0x00000000         0xffffffff

Linker script and memory map

LOAD E:/ST/STM32CubeIDE_1.17.0/STM32CubeIDE/plugins/com.st.stm32cube.ide.mcu.externaltools.gnu-tools-for-stm32.12.3.rel1.win32_1.1.0.202410251130/tools/bin/../lib/gcc/arm-none-eabi/12.3.1/thumb/v7e-m+fp/hard/crti.o
LOAD E:/ST/STM32CubeIDE_1.17.0/STM32CubeIDE/plugins/com.st.stm32cube.ide.mcu.externaltools.gnu-tools-for-stm32.12.3.rel1.win32_1.1.0.202410251130/tools/bin/../lib/gcc/arm-none-eabi/12.3.1/thumb/v7e-m+fp/hard/crtbegin.o
LOAD E:/ST/STM32CubeIDE_1.17.0/STM32CubeIDE/plugins/com.st.stm32cube.ide.mcu.externaltools.gnu-tools-for-stm32.12.3.rel1.win32_1.1.0.202410251130/tools/bin/../lib/gcc/arm-none-eabi/12.3.1/../../../../arm-none-eabi/lib/thumb/v7e-m+fp/hard/crt0.o
LOAD ./Common/Src/system_stm32h7xx_dualcore_boot_cm4_cm7.o
LOAD ./Core/Src/main.o
LOAD ./Core/Src/stm32h7xx_hal_msp.o
LOAD ./Core/Src/stm32h7xx_it.o
LOAD ./Core/Src/syscalls.o
LOAD ./Core/Src/sysmem.o
LOAD ./Core/Startup/startup_stm32h755zitx.o
LOAD ./Drivers/STM32H7xx_HAL_Driver/stm32h7xx_hal.o
LOAD ./Drivers/STM32H7xx_HAL_Driver/stm32h7xx_hal_cortex.o
LOAD ./Drivers/STM32H7xx_HAL_Driver/stm32h7xx_hal_dma.o
LOAD ./Drivers/STM32H7xx_HAL_Driver/stm32h7xx_hal_dma_ex.o
LOAD ./Drivers/STM32H7xx_HAL_Driver/stm32h7xx_hal_exti.o
LOAD ./Drivers/STM32H7xx_HAL_Driver/stm32h7xx_hal_flash.o
LOAD ./Drivers/STM32H7xx_HAL_Driver/stm32h7xx_hal_flash_ex.o
LOAD ./Drivers/STM32H7xx_HAL_Driver/stm32h7xx_hal_gpio.o
LOAD ./Drivers/STM32H7xx_HAL_Driver/stm32h7xx_hal_hsem.o
LOAD ./Drivers/STM32H7xx_HAL_Driver/stm32h7xx_hal_i2c.o
LOAD ./Drivers/STM32H7xx_HAL_Driver/stm32h7xx_hal_i2c_ex.o
LOAD ./Drivers/STM32H7xx_HAL_Driver/stm32h7xx_hal_mdma.o
LOAD ./Drivers/STM32H7xx_HAL_Driver/stm32h7xx_hal_pwr.o
LOAD ./Drivers/STM32H7xx_HAL_Driver/stm32h7xx_hal_pwr_ex.o
LOAD ./Drivers/STM32H7xx_HAL_Driver/stm32h7xx_hal_rcc.o
LOAD ./Drivers/STM32H7xx_HAL_Driver/stm32h7xx_hal_rcc_ex.o
LOAD ./Drivers/STM32H7xx_HAL_Driver/stm32h7xx_hal_spi.o
LOAD ./Drivers/STM32H7xx_HAL_Driver/stm32h7xx_hal_spi_ex.o
LOAD ./Drivers/STM32H7xx_HAL_Driver/stm32h7xx_hal_uart.o
LOAD ./Drivers/STM32H7xx_HAL_Driver/stm32h7xx_hal_uart_ex.o
LOAD ./FATFS/App/fatfs.o
LOAD ./FATFS/Target/user_diskio.o
LOAD ./Middlewares/Third_Party/FatFs/ccsbcs.o
LOAD ./Middlewares/Third_Party/FatFs/diskio.o
LOAD ./Middlewares/Third_Party/FatFs/ff.o
LOAD ./Middlewares/Third_Party/FatFs/ff_gen_drv.o
LOAD ./Middlewares/Third_Party/FatFs/syscall.o
LOAD ./Peripheral/Src/BNO08x.o
LOAD ./Peripheral/Src/MPL3115A2.o
LOAD ./Peripheral/Src/SHT31.o
LOAD ./Peripheral/Src/fatfs_sd.o
START GROUP
LOAD E:/ST/STM32CubeIDE_1.17.0/STM32CubeIDE/plugins/com.st.stm32cube.ide.mcu.externaltools.gnu-tools-for-stm32.12.3.rel1.win32_1.1.0.202410251130/tools/bin/../lib/gcc/arm-none-eabi/12.3.1/../../../../arm-none-eabi/lib/thumb/v7e-m+fp/hard\libc_nano.a
LOAD E:/ST/STM32CubeIDE_1.17.0/STM32CubeIDE/plugins/com.st.stm32cube.ide.mcu.externaltools.gnu-tools-for-stm32.12.3.rel1.win32_1.1.0.202410251130/tools/bin/../lib/gcc/arm-none-eabi/12.3.1/../../../../arm-none-eabi/lib/thumb/v7e-m+fp/hard\libm.a
END GROUP
START GROUP
LOAD E:/ST/STM32CubeIDE_1.17.0/STM32CubeIDE/plugins/com.st.stm32cube.ide.mcu.externaltools.gnu-tools-for-stm32.12.3.rel1.win32_1.1.0.202410251130/tools/bin/../lib/gcc/arm-none-eabi/12.3.1/thumb/v7e-m+fp/hard\libgcc.a
LOAD E:/ST/STM32CubeIDE_1.17.0/STM32CubeIDE/plugins/com.st.stm32cube.ide.mcu.externaltools.gnu-tools-for-stm32.12.3.rel1.win32_1.1.0.202410251130/tools/bin/../lib/gcc/arm-none-eabi/12.3.1/../../../../arm-none-eabi/lib/thumb/v7e-m+fp/hard\libc_nano.a
END GROUP
START GROUP
LOAD E:/ST/STM32CubeIDE_1.17.0/STM32CubeIDE/plugins/com.st.stm32cube.ide.mcu.externaltools.gnu-tools-for-stm32.12.3.rel1.win32_1.1.0.202410251130/tools/bin/../lib/gcc/arm-none-eabi/12.3.1/thumb/v7e-m+fp/hard\libgcc.a
LOAD E:/ST/STM32CubeIDE_1.17.0/STM32CubeIDE/plugins/com.st.stm32cube.ide.mcu.externaltools.gnu-tools-for-stm32.12.3.rel1.win32_1.1.0.202410251130/tools/bin/../lib/gcc/arm-none-eabi/12.3.1/../../../../arm-none-eabi/lib/thumb/v7e-m+fp/hard\libc_nano.a
LOAD E:/ST/STM32CubeIDE_1.17.0/STM32CubeIDE/plugins/com.st.stm32cube.ide.mcu.externaltools.gnu-tools-for-stm32.12.3.rel1.win32_1.1.0.202410251130/tools/bin/../lib/gcc/arm-none-eabi/12.3.1/../../../../arm-none-eabi/lib/thumb/v7e-m+fp/hard\libnosys.a
END GROUP
START GROUP
LOAD E:/ST/STM32CubeIDE_1.17.0/STM32CubeIDE/plugins/com.st.stm32cube.ide.mcu.externaltools.gnu-tools-for-stm32.12.3.rel1.win32_1.1.0.202410251130/tools/bin/../lib/gcc/arm-none-eabi/12.3.1/thumb/v7e-m+fp/hard\libgcc.a
LOAD E:/ST/STM32CubeIDE_1.17.0/STM32CubeIDE/plugins/com.st.stm32cube.ide.mcu.externaltools.gnu-tools-for-stm32.12.3.rel1.win32_1.1.0.202410251130/tools/bin/../lib/gcc/arm-none-eabi/12.3.1/../../../../arm-none-eabi/lib/thumb/v7e-m+fp/hard\libc_nano.a
LOAD E:/ST/STM32CubeIDE_1.17.0/STM32CubeIDE/plugins/com.st.stm32cube.ide.mcu.externaltools.gnu-tools-for-stm32.12.3.rel1.win32_1.1.0.202410251130/tools/bin/../lib/gcc/arm-none-eabi/12.3.1/../../../../arm-none-eabi/lib/thumb/v7e-m+fp/hard\libnosys.a
END GROUP
LOAD E:/ST/STM32CubeIDE_1.17.0/STM32CubeIDE/plugins/com.st.stm32cube.ide.mcu.externaltools.gnu-tools-for-stm32.12.3.rel1.win32_1.1.0.202410251130/tools/bin/../lib/gcc/arm-none-eabi/12.3.1/thumb/v7e-m+fp/hard/crtend.o
LOAD E:/ST/STM32CubeIDE_1.17.0/STM32CubeIDE/plugins/com.st.stm32cube.ide.mcu.externaltools.gnu-tools-for-stm32.12.3.rel1.win32_1.1.0.202410251130/tools/bin/../lib/gcc/arm-none-eabi/12.3.1/thumb/v7e-m+fp/hard/crtn.o
                0x10048000                        _estack = (ORIGIN (RAM) + LENGTH (RAM))
                0x00000200                        _Min_Heap_Size = 0x200
                0x00000400                        _Min_Stack_Size = 0x400

.isr_vector     0x08100000      0x298
                0x08100000                        . = ALIGN (0x4)
 *(.isr_vector)
 .isr_vector    0x08100000      0x298 ./Core/Startup/startup_stm32h755zitx.o
                0x08100000                g_pfnVectors
                0x08100298                        . = ALIGN (0x4)

.text           0x081002a0     0xf52c
                0x081002a0                        . = ALIGN (0x4)
 *(.text)
 .text          0x081002a0       0x40 E:/ST/STM32CubeIDE_1.17.0/STM32CubeIDE/plugins/com.st.stm32cube.ide.mcu.externaltools.gnu-tools-for-stm32.12.3.rel1.win32_1.1.0.202410251130/tools/bin/../lib/gcc/arm-none-eabi/12.3.1/thumb/v7e-m+fp/hard/crtbegin.o
 .text          0x081002e0       0x14 E:/ST/STM32CubeIDE_1.17.0/STM32CubeIDE/plugins/com.st.stm32cube.ide.mcu.externaltools.gnu-tools-for-stm32.12.3.rel1.win32_1.1.0.202410251130/tools/bin/../lib/gcc/arm-none-eabi/12.3.1/../../../../arm-none-eabi/lib/thumb/v7e-m+fp/hard\libc_nano.a(libc_a-strcmp.o)
                0x081002e0                strcmp
 *fill*         0x081002f4        0xc 
 .text          0x08100300       0xa0 E:/ST/STM32CubeIDE_1.17.0/STM32CubeIDE/plugins/com.st.stm32cube.ide.mcu.externaltools.gnu-tools-for-stm32.12.3.rel1.win32_1.1.0.202410251130/tools/bin/../lib/gcc/arm-none-eabi/12.3.1/../../../../arm-none-eabi/lib/thumb/v7e-m+fp/hard\libc_nano.a(libc_a-memchr.o)
                0x08100300                memchr
 .text          0x081003a0       0x10 E:/ST/STM32CubeIDE_1.17.0/STM32CubeIDE/plugins/com.st.stm32cube.ide.mcu.externaltools.gnu-tools-for-stm32.12.3.rel1.win32_1.1.0.202410251130/tools/bin/../lib/gcc/arm-none-eabi/12.3.1/../../../../arm-none-eabi/lib/thumb/v7e-m+fp/hard\libc_nano.a(libc_a-strlen.o)
                0x081003a0                strlen
 .text          0x081003b0      0x378 E:/ST/STM32CubeIDE_1.17.0/STM32CubeIDE/plugins/com.st.stm32cube.ide.mcu.externaltools.gnu-tools-for-stm32.12.3.rel1.win32_1.1.0.202410251130/tools/bin/../lib/gcc/arm-none-eabi/12.3.1/thumb/v7e-m+fp/hard\libgcc.a(_arm_addsubdf3.o)
                0x081003b0                __aeabi_drsub
                0x081003b8                __aeabi_dsub
                0x081003b8                __subdf3
                0x081003bc                __aeabi_dadd
                0x081003bc                __adddf3
                0x08100634                __floatunsidf
                0x08100634                __aeabi_ui2d
                0x08100654                __floatsidf
                0x08100654                __aeabi_i2d
                0x08100678                __aeabi_f2d
                0x08100678                __extendsfdf2
                0x081006bc                __floatundidf
                0x081006bc                __aeabi_ul2d
                0x081006cc                __floatdidf
                0x081006cc                __aeabi_l2d
 .text          0x08100728      0x424 E:/ST/STM32CubeIDE_1.17.0/STM32CubeIDE/plugins/com.st.stm32cube.ide.mcu.externaltools.gnu-tools-for-stm32.12.3.rel1.win32_1.1.0.202410251130/tools/bin/../lib/gcc/arm-none-eabi/12.3.1/thumb/v7e-m+fp/hard\libgcc.a(_arm_muldivdf3.o)
                0x08100728                __aeabi_dmul
                0x08100728                __muldf3
                0x0810097c                __divdf3
                0x0810097c                __aeabi_ddiv
 .text          0x08100b4c      0x110 E:/ST/STM32CubeIDE_1.17.0/STM32CubeIDE/plugins/com.st.stm32cube.ide.mcu.externaltools.gnu-tools-for-stm32.12.3.rel1.win32_1.1.0.202410251130/tools/bin/../lib/gcc/arm-none-eabi/12.3.1/thumb/v7e-m+fp/hard\libgcc.a(_arm_cmpdf2.o)
                0x08100b4c                __gtdf2
                0x08100b4c                __gedf2
                0x08100b54                __ltdf2
                0x08100b54                __ledf2
                0x08100b5c                __nedf2
                0x08100b5c                __eqdf2
                0x08100b5c                __cmpdf2
                0x08100bd8                __aeabi_cdrcmple
                0x08100be8                __aeabi_cdcmpeq
                0x08100be8                __aeabi_cdcmple
                0x08100bf8                __aeabi_dcmpeq
                0x08100c0c                __aeabi_dcmplt
                0x08100c20                __aeabi_dcmple
                0x08100c34                __aeabi_dcmpge
                0x08100c48                __aeabi_dcmpgt
 .text          0x08100c5c       0x2c E:/ST/STM32CubeIDE_1.17.0/STM32CubeIDE/plugins/com.st.stm32cube.ide.mcu.externaltools.gnu-tools-for-stm32.12.3.rel1.win32_1.1.0.202410251130/tools/bin/../lib/gcc/arm-none-eabi/12.3.1/thumb/v7e-m+fp/hard\libgcc.a(_arm_unorddf2.o)
                0x08100c5c                __unorddf2
                0x08100c5c                __aeabi_dcmpun
 .text          0x08100c88       0x50 E:/ST/STM32CubeIDE_1.17.0/STM32CubeIDE/plugins/com.st.stm32cube.ide.mcu.externaltools.gnu-tools-for-stm32.12.3.rel1.win32_1.1.0.202410251130/tools/bin/../lib/gcc/arm-none-eabi/12.3.1/thumb/v7e-m+fp/hard\libgcc.a(_arm_fixdfsi.o)
                0x08100c88                __aeabi_d2iz
                0x08100c88                __fixdfsi
 .text          0x08100cd8       0xa0 E:/ST/STM32CubeIDE_1.17.0/STM32CubeIDE/plugins/com.st.stm32cube.ide.mcu.externaltools.gnu-tools-for-stm32.12.3.rel1.win32_1.1.0.202410251130/tools/bin/../lib/gcc/arm-none-eabi/12.3.1/thumb/v7e-m+fp/hard\libgcc.a(_arm_truncdfsf2.o)
                0x08100cd8                __truncdfsf2
                0x08100cd8                __aeabi_d2f
 .text          0x08100d78       0x30 E:/ST/STM32CubeIDE_1.17.0/STM32CubeIDE/plugins/com.st.stm32cube.ide.mcu.externaltools.gnu-tools-for-stm32.12.3.rel1.win32_1.1.0.202410251130/tools/bin/../lib/gcc/arm-none-eabi/12.3.1/thumb/v7e-m+fp/hard\libgcc.a(_aeabi_uldivmod.o)
                0x08100d78                __aeabi_uldivmod
 .text          0x08100da8      0x2bc E:/ST/STM32CubeIDE_1.17.0/STM32CubeIDE/plugins/com.st.stm32cube.ide.mcu.externaltools.gnu-tools-for-stm32.12.3.rel1.win32_1.1.0.202410251130/tools/bin/../lib/gcc/arm-none-eabi/12.3.1/thumb/v7e-m+fp/hard\libgcc.a(_udivmoddi4.o)
                0x08100da8                __udivmoddi4
 .text          0x08101064        0x4 E:/ST/STM32CubeIDE_1.17.0/STM32CubeIDE/plugins/com.st.stm32cube.ide.mcu.externaltools.gnu-tools-for-stm32.12.3.rel1.win32_1.1.0.202410251130/tools/bin/../lib/gcc/arm-none-eabi/12.3.1/thumb/v7e-m+fp/hard\libgcc.a(_dvmd_tls.o)
                0x08101064                __aeabi_idiv0
                0x08101064                __aeabi_ldiv0
 *(.text*)
 .text.SystemInit
                0x08101068       0x30 ./Common/Src/system_stm32h7xx_dualcore_boot_cm4_cm7.o
                0x08101068                SystemInit
 .text.ExitRun0Mode
                0x08101098       0x30 ./Common/Src/system_stm32h7xx_dualcore_boot_cm4_cm7.o
                0x08101098                ExitRun0Mode
 .text._write   0x081010c8       0x2c ./Core/Src/main.o
                0x081010c8                _write
 .text.main     0x081010f4      0x3cc ./Core/Src/main.o
                0x081010f4                main
 .text.MX_I2C1_Init
                0x081014c0       0x80 ./Core/Src/main.o
 .text.MX_I2C2_Init
                0x08101540       0x80 ./Core/Src/main.o
 .text.MX_I2C4_Init
                0x081015c0       0x80 ./Core/Src/main.o
 .text.MX_SPI1_Init
                0x08101640       0xac ./Core/Src/main.o
 .text.MX_USART2_UART_Init
                0x081016ec       0x98 ./Core/Src/main.o
 .text.MX_USART3_UART_Init
                0x08101784       0x98 ./Core/Src/main.o
 .text.MX_GPIO_Init
                0x0810181c       0xc8 ./Core/Src/main.o
 .text.Error_Handler
                0x081018e4        0xc ./Core/Src/main.o
                0x081018e4                Error_Handler
 .text.HAL_MspInit
                0x081018f0       0x34 ./Core/Src/stm32h7xx_hal_msp.o
                0x081018f0                HAL_MspInit
 .text.HAL_I2C_MspInit
                0x08101924      0x210 ./Core/Src/stm32h7xx_hal_msp.o
                0x08101924                HAL_I2C_MspInit
 .text.HAL_SPI_MspInit
                0x08101b34       0xd0 ./Core/Src/stm32h7xx_hal_msp.o
                0x08101b34                HAL_SPI_MspInit
 .text.HAL_UART_MspInit
                0x08101c04      0x174 ./Core/Src/stm32h7xx_hal_msp.o
                0x08101c04                HAL_UART_MspInit
 .text.NMI_Handler
                0x08101d78        0x8 ./Core/Src/stm32h7xx_it.o
                0x08101d78                NMI_Handler
 .text.HardFault_Handler
                0x08101d80        0x8 ./Core/Src/stm32h7xx_it.o
                0x08101d80                HardFault_Handler
 .text.MemManage_Handler
                0x08101d88        0x8 ./Core/Src/stm32h7xx_it.o
                0x08101d88                MemManage_Handler
 .text.BusFault_Handler
                0x08101d90        0x8 ./Core/Src/stm32h7xx_it.o
                0x08101d90                BusFault_Handler
 .text.UsageFault_Handler
                0x08101d98        0x8 ./Core/Src/stm32h7xx_it.o
                0x08101d98                UsageFault_Handler
 .text.SVC_Handler
                0x08101da0        0xe ./Core/Src/stm32h7xx_it.o
                0x08101da0                SVC_Handler
 .text.DebugMon_Handler
                0x08101dae        0xe ./Core/Src/stm32h7xx_it.o
                0x08101dae                DebugMon_Handler
 .text.PendSV_Handler
                0x08101dbc        0xe ./Core/Src/stm32h7xx_it.o
                0x08101dbc                PendSV_Handler
 *fill*         0x08101dca        0x2 
 .text.SysTick_Handler
                0x08101dcc       0x40 ./Core/Src/stm32h7xx_it.o
                0x08101dcc                SysTick_Handler
 .text._getpid  0x08101e0c       0x10 ./Core/Src/syscalls.o
                0x08101e0c                _getpid
 .text._kill    0x08101e1c       0x20 ./Core/Src/syscalls.o
                0x08101e1c                _kill
 .text._exit    0x08101e3c       0x16 ./Core/Src/syscalls.o
                0x08101e3c                _exit
 .text._read    0x08101e52       0x3a ./Core/Src/syscalls.o
                0x08101e52                _read
 .text._close   0x08101e8c       0x18 ./Core/Src/syscalls.o
                0x08101e8c                _close
 .text._fstat   0x08101ea4       0x20 ./Core/Src/syscalls.o
                0x08101ea4                _fstat
 .text._isatty  0x08101ec4       0x16 ./Core/Src/syscalls.o
                0x08101ec4                _isatty
 .text._lseek   0x08101eda       0x1a ./Core/Src/syscalls.o
                0x08101eda                _lseek
 .text._sbrk    0x08101ef4       0x6c ./Core/Src/sysmem.o
                0x08101ef4                _sbrk
 .text.Reset_Handler
                0x08101f60       0x54 ./Core/Startup/startup_stm32h755zitx.o
                0x08101f60                Reset_Handler
 .text.Default_Handler
                0x08101fb4        0x2 ./Core/Startup/startup_stm32h755zitx.o
                0x08101fb4                RTC_Alarm_IRQHandler
                0x08101fb4                HASH_RNG_IRQHandler
                0x08101fb4                EXTI2_IRQHandler
                0x08101fb4                TIM8_CC_IRQHandler
                0x08101fb4                HRTIM1_Master_IRQHandler
                0x08101fb4                UART8_IRQHandler
                0x08101fb4                SPI4_IRQHandler
                0x08101fb4                TIM1_CC_IRQHandler
                0x08101fb4                BDMA_Channel6_IRQHandler
                0x08101fb4                DMA2_Stream5_IRQHandler
                0x08101fb4                HRTIM1_FLT_IRQHandler
                0x08101fb4                JPEG_IRQHandler
                0x08101fb4                DMA1_Stream5_IRQHandler
                0x08101fb4                BDMA_Channel1_IRQHandler
                0x08101fb4                HRTIM1_TIMD_IRQHandler
                0x08101fb4                TAMP_STAMP_IRQHandler
                0x08101fb4                EXTI3_IRQHandler
                0x08101fb4                LPTIM4_IRQHandler
                0x08101fb4                TIM8_TRG_COM_TIM14_IRQHandler
                0x08101fb4                LPTIM2_IRQHandler
                0x08101fb4                DFSDM1_FLT1_IRQHandler
                0x08101fb4                DMAMUX2_OVR_IRQHandler
                0x08101fb4                TIM8_UP_TIM13_IRQHandler
                0x08101fb4                I2C3_ER_IRQHandler
                0x08101fb4                DFSDM1_FLT2_IRQHandler
                0x08101fb4                MDMA_IRQHandler
                0x08101fb4                LPTIM3_IRQHandler
                0x08101fb4                HSEM1_IRQHandler
                0x08101fb4                EXTI0_IRQHandler
                0x08101fb4                I2C2_EV_IRQHandler
                0x08101fb4                DMA1_Stream2_IRQHandler
                0x08101fb4                FPU_IRQHandler
                0x08101fb4                OTG_HS_WKUP_IRQHandler
                0x08101fb4                FDCAN1_IT1_IRQHandler
                0x08101fb4                LTDC_ER_IRQHandler
                0x08101fb4                DMA2_Stream2_IRQHandler
                0x08101fb4                HRTIM1_TIME_IRQHandler
                0x08101fb4                SPI1_IRQHandler
                0x08101fb4                TIM6_DAC_IRQHandler
                0x08101fb4                DCMI_IRQHandler
                0x08101fb4                HRTIM1_TIMC_IRQHandler
                0x08101fb4                DMA2_Stream3_IRQHandler
                0x08101fb4                SAI2_IRQHandler
                0x08101fb4                DFSDM1_FLT3_IRQHandler
                0x08101fb4                USART6_IRQHandler
                0x08101fb4                TIM17_IRQHandler
                0x08101fb4                USART3_IRQHandler
                0x08101fb4                BDMA_Channel7_IRQHandler
                0x08101fb4                CRYP_IRQHandler
                0x08101fb4                LPTIM5_IRQHandler
                0x08101fb4                UART5_IRQHandler
                0x08101fb4                ADC3_IRQHandler
                0x08101fb4                DMA2_Stream0_IRQHandler
                0x08101fb4                TIM4_IRQHandler
                0x08101fb4                BDMA_Channel2_IRQHandler
                0x08101fb4                QUADSPI_IRQHandler
                0x08101fb4                I2C1_EV_IRQHandler
                0x08101fb4                DMA1_Stream6_IRQHandler
                0x08101fb4                DMAMUX1_OVR_IRQHandler
                0x08101fb4                DMA1_Stream1_IRQHandler
                0x08101fb4                TIM16_IRQHandler
                0x08101fb4                UART4_IRQHandler
                0x08101fb4                BDMA_Channel5_IRQHandler
                0x08101fb4                TIM3_IRQHandler
                0x08101fb4                RCC_IRQHandler
                0x08101fb4                TIM8_BRK_TIM12_IRQHandler
                0x08101fb4                TIM1_TRG_COM_IRQHandler
                0x08101fb4                Default_Handler
                0x08101fb4                ECC_IRQHandler
                0x08101fb4                CEC_IRQHandler
                0x08101fb4                EXTI15_10_IRQHandler
                0x08101fb4                BDMA_Channel0_IRQHandler
                0x08101fb4                ADC_IRQHandler
                0x08101fb4                DMA1_Stream7_IRQHandler
                0x08101fb4                HRTIM1_TIMA_IRQHandler
                0x08101fb4                SPI5_IRQHandler
                0x08101fb4                TIM7_IRQHandler
                0x08101fb4                SDMMC1_IRQHandler
                0x08101fb4                TIM5_IRQHandler
                0x08101fb4                DMA2_Stream7_IRQHandler
                0x08101fb4                TIM15_IRQHandler
                0x08101fb4                PVD_AVD_IRQHandler
                0x08101fb4                I2C3_EV_IRQHandler
                0x08101fb4                EXTI9_5_IRQHandler
                0x08101fb4                RTC_WKUP_IRQHandler
                0x08101fb4                LTDC_IRQHandler
                0x08101fb4                SAI3_IRQHandler
                0x08101fb4                ETH_WKUP_IRQHandler
                0x08101fb4                SPDIF_RX_IRQHandler
                0x08101fb4                SPI2_IRQHandler
                0x08101fb4                OTG_HS_EP1_IN_IRQHandler
                0x08101fb4                DMA1_Stream0_IRQHandler
                0x08101fb4                CRS_IRQHandler
                0x08101fb4                CM7_SEV_IRQHandler
                0x08101fb4                EXTI4_IRQHandler
                0x08101fb4                CM4_SEV_IRQHandler
                0x08101fb4                HRTIM1_TIMB_IRQHandler
                0x08101fb4                FDCAN2_IT1_IRQHandler
                0x08101fb4                ETH_IRQHandler
                0x08101fb4                TIM1_UP_IRQHandler
                0x08101fb4                WWDG_RST_IRQHandler
                0x08101fb4                BDMA_Channel4_IRQHandler
                0x08101fb4                OTG_HS_EP1_OUT_IRQHandler
                0x08101fb4                WWDG_IRQHandler
                0x08101fb4                SPI6_IRQHandler
                0x08101fb4                MDIOS_IRQHandler
                0x08101fb4                I2C4_EV_IRQHandler
                0x08101fb4                FDCAN2_IT0_IRQHandler
                0x08101fb4                LPUART1_IRQHandler
                0x08101fb4                FDCAN1_IT0_IRQHandler
                0x08101fb4                TIM2_IRQHandler
                0x08101fb4                OTG_FS_WKUP_IRQHandler
                0x08101fb4                OTG_HS_IRQHandler
                0x08101fb4                HSEM2_IRQHandler
                0x08101fb4                DMA2D_IRQHandler
                0x08101fb4                TIM1_BRK_IRQHandler
                0x08101fb4                EXTI1_IRQHandler
                0x08101fb4                SDMMC2_IRQHandler
                0x08101fb4                OTG_FS_EP1_OUT_IRQHandler
                0x08101fb4                BDMA_Channel3_IRQHandler
                0x08101fb4                HOLD_CORE_IRQHandler
                0x08101fb4                UART7_IRQHandler
                0x08101fb4                MDIOS_WKUP_IRQHandler
                0x08101fb4                USART2_IRQHandler
                0x08101fb4                DFSDM1_FLT0_IRQHandler
                0x08101fb4                SAI4_IRQHandler
                0x08101fb4                I2C2_ER_IRQHandler
                0x08101fb4                DMA2_Stream1_IRQHandler
                0x08101fb4                FLASH_IRQHandler
                0x08101fb4                DMA2_Stream4_IRQHandler
                0x08101fb4                USART1_IRQHandler
                0x08101fb4                OTG_FS_IRQHandler
                0x08101fb4                SPI3_IRQHandler
                0x08101fb4                WAKEUP_PIN_IRQHandler
                0x08101fb4                DMA1_Stream4_IRQHandler
                0x08101fb4                OTG_FS_EP1_IN_IRQHandler
                0x08101fb4                I2C1_ER_IRQHandler
                0x08101fb4                FMC_IRQHandler
                0x08101fb4                FDCAN_CAL_IRQHandler
                0x08101fb4                SWPMI1_IRQHandler
                0x08101fb4                COMP1_IRQHandler
                0x08101fb4                LPTIM1_IRQHandler
                0x08101fb4                I2C4_ER_IRQHandler
                0x08101fb4                DMA2_Stream6_IRQHandler
                0x08101fb4                SAI1_IRQHandler
                0x08101fb4                DMA1_Stream3_IRQHandler
 *fill*         0x08101fb6        0x2 
 .text.HAL_Init
                0x08101fb8       0xbc ./Drivers/STM32H7xx_HAL_Driver/stm32h7xx_hal.o
                0x08101fb8                HAL_Init
 .text.HAL_InitTick
                0x08102074       0x6c ./Drivers/STM32H7xx_HAL_Driver/stm32h7xx_hal.o
                0x08102074                HAL_InitTick
 .text.HAL_IncTick
                0x081020e0       0x28 ./Drivers/STM32H7xx_HAL_Driver/stm32h7xx_hal.o
                0x081020e0                HAL_IncTick
 .text.HAL_GetTick
                0x08102108       0x18 ./Drivers/STM32H7xx_HAL_Driver/stm32h7xx_hal.o
                0x08102108                HAL_GetTick
 .text.HAL_Delay
                0x08102120       0x48 ./Drivers/STM32H7xx_HAL_Driver/stm32h7xx_hal.o
                0x08102120                HAL_Delay
 .text.__NVIC_SetPriorityGrouping
                0x08102168       0x48 ./Drivers/STM32H7xx_HAL_Driver/stm32h7xx_hal_cortex.o
 .text.__NVIC_GetPriorityGrouping
                0x081021b0       0x1c ./Drivers/STM32H7xx_HAL_Driver/stm32h7xx_hal_cortex.o
 .text.__NVIC_SetPriority
                0x081021cc       0x54 ./Drivers/STM32H7xx_HAL_Driver/stm32h7xx_hal_cortex.o
 .text.NVIC_EncodePriority
                0x08102220       0x66 ./Drivers/STM32H7xx_HAL_Driver/stm32h7xx_hal_cortex.o
 *fill*         0x08102286        0x2 
 .text.SysTick_Config
                0x08102288       0x44 ./Drivers/STM32H7xx_HAL_Driver/stm32h7xx_hal_cortex.o
 .text.HAL_NVIC_SetPriorityGrouping
                0x081022cc       0x16 ./Drivers/STM32H7xx_HAL_Driver/stm32h7xx_hal_cortex.o
                0x081022cc                HAL_NVIC_SetPriorityGrouping
 .text.HAL_NVIC_SetPriority
                0x081022e2       0x34 ./Drivers/STM32H7xx_HAL_Driver/stm32h7xx_hal_cortex.o
                0x081022e2                HAL_NVIC_SetPriority
 .text.HAL_SYSTICK_Config
                0x08102316       0x18 ./Drivers/STM32H7xx_HAL_Driver/stm32h7xx_hal_cortex.o
                0x08102316                HAL_SYSTICK_Config
 .text.HAL_SYSTICK_IRQHandler
                0x0810232e        0xc ./Drivers/STM32H7xx_HAL_Driver/stm32h7xx_hal_cortex.o
                0x0810232e                HAL_SYSTICK_IRQHandler
 .text.HAL_SYSTICK_Callback
                0x0810233a        0xe ./Drivers/STM32H7xx_HAL_Driver/stm32h7xx_hal_cortex.o
                0x0810233a                HAL_SYSTICK_Callback
 .text.HAL_GetCurrentCPUID
                0x08102348       0x28 ./Drivers/STM32H7xx_HAL_Driver/stm32h7xx_hal_cortex.o
                0x08102348                HAL_GetCurrentCPUID
 .text.HAL_GPIO_Init
                0x08102370      0x360 ./Drivers/STM32H7xx_HAL_Driver/stm32h7xx_hal_gpio.o
                0x08102370                HAL_GPIO_Init
 .text.HAL_GPIO_WritePin
                0x081026d0       0x32 ./Drivers/STM32H7xx_HAL_Driver/stm32h7xx_hal_gpio.o
                0x081026d0                HAL_GPIO_WritePin
 *fill*         0x08102702        0x2 
 .text.HAL_HSEM_ActivateNotification
                0x08102704       0x24 ./Drivers/STM32H7xx_HAL_Driver/stm32h7xx_hal_hsem.o
                0x08102704                HAL_HSEM_ActivateNotification
 .text.HAL_I2C_Init
                0x08102728      0x136 ./Drivers/STM32H7xx_HAL_Driver/stm32h7xx_hal_i2c.o
                0x08102728                HAL_I2C_Init
 *fill*         0x0810285e        0x2 
 .text.HAL_I2C_Master_Transmit
                0x08102860      0x230 ./Drivers/STM32H7xx_HAL_Driver/stm32h7xx_hal_i2c.o
                0x08102860                HAL_I2C_Master_Transmit
 .text.HAL_I2C_Master_Receive
                0x08102a90      0x1ec ./Drivers/STM32H7xx_HAL_Driver/stm32h7xx_hal_i2c.o
                0x08102a90                HAL_I2C_Master_Receive
 .text.HAL_I2C_Mem_Read
                0x08102c7c      0x234 ./Drivers/STM32H7xx_HAL_Driver/stm32h7xx_hal_i2c.o
                0x08102c7c                HAL_I2C_Mem_Read
 .text.I2C_RequestMemoryRead
                0x08102eb0       0xa8 ./Drivers/STM32H7xx_HAL_Driver/stm32h7xx_hal_i2c.o
 .text.I2C_Flush_TXDR
                0x08102f58       0x48 ./Drivers/STM32H7xx_HAL_Driver/stm32h7xx_hal_i2c.o
 .text.I2C_WaitOnFlagUntilTimeout
                0x08102fa0       0xb2 ./Drivers/STM32H7xx_HAL_Driver/stm32h7xx_hal_i2c.o
 .text.I2C_WaitOnTXISFlagUntilTimeout
                0x08103052       0x8e ./Drivers/STM32H7xx_HAL_Driver/stm32h7xx_hal_i2c.o
 .text.I2C_WaitOnSTOPFlagUntilTimeout
                0x081030e0       0x86 ./Drivers/STM32H7xx_HAL_Driver/stm32h7xx_hal_i2c.o
 *fill*         0x08103166        0x2 
 .text.I2C_WaitOnRXNEFlagUntilTimeout
                0x08103168      0x118 ./Drivers/STM32H7xx_HAL_Driver/stm32h7xx_hal_i2c.o
 .text.I2C_IsErrorOccurred
                0x08103280      0x1c0 ./Drivers/STM32H7xx_HAL_Driver/stm32h7xx_hal_i2c.o
 .text.I2C_TransferConfig
                0x08103440       0x64 ./Drivers/STM32H7xx_HAL_Driver/stm32h7xx_hal_i2c.o
 .text.HAL_I2CEx_ConfigAnalogFilter
                0x081034a4       0x96 ./Drivers/STM32H7xx_HAL_Driver/stm32h7xx_hal_i2c_ex.o
                0x081034a4                HAL_I2CEx_ConfigAnalogFilter
 .text.HAL_I2CEx_ConfigDigitalFilter
                0x0810353a       0x98 ./Drivers/STM32H7xx_HAL_Driver/stm32h7xx_hal_i2c_ex.o
                0x0810353a                HAL_I2CEx_ConfigDigitalFilter
 *fill*         0x081035d2        0x2 
 .text.HAL_PWREx_EnterSTOPMode
                0x081035d4       0xf4 ./Drivers/STM32H7xx_HAL_Driver/stm32h7xx_hal_pwr_ex.o
                0x081035d4                HAL_PWREx_EnterSTOPMode
 .text.HAL_PWREx_ClearPendingEvent
                0x081036c8       0x1a ./Drivers/STM32H7xx_HAL_Driver/stm32h7xx_hal_pwr_ex.o
                0x081036c8                HAL_PWREx_ClearPendingEvent
 *fill*         0x081036e2        0x2 
 .text.HAL_RCC_GetSysClockFreq
                0x081036e4      0x2f4 ./Drivers/STM32H7xx_HAL_Driver/stm32h7xx_hal_rcc.o
                0x081036e4                HAL_RCC_GetSysClockFreq
 .text.HAL_RCC_GetHCLKFreq
                0x081039d8       0x64 ./Drivers/STM32H7xx_HAL_Driver/stm32h7xx_hal_rcc.o
                0x081039d8                HAL_RCC_GetHCLKFreq
 .text.HAL_RCC_GetPCLK1Freq
                0x08103a3c       0x2c ./Drivers/STM32H7xx_HAL_Driver/stm32h7xx_hal_rcc.o
                0x08103a3c                HAL_RCC_GetPCLK1Freq
 .text.HAL_RCC_GetPCLK2Freq
                0x08103a68       0x2c ./Drivers/STM32H7xx_HAL_Driver/stm32h7xx_hal_rcc.o
                0x08103a68                HAL_RCC_GetPCLK2Freq
 .text.HAL_RCCEx_PeriphCLKConfig
                0x08103a94     0x1414 ./Drivers/STM32H7xx_HAL_Driver/stm32h7xx_hal_rcc_ex.o
                0x08103a94                HAL_RCCEx_PeriphCLKConfig
 .text.HAL_RCCEx_GetD3PCLK1Freq
                0x08104ea8       0x2c ./Drivers/STM32H7xx_HAL_Driver/stm32h7xx_hal_rcc_ex.o
                0x08104ea8                HAL_RCCEx_GetD3PCLK1Freq
 .text.HAL_RCCEx_GetPLL2ClockFreq
                0x08104ed4      0x2a8 ./Drivers/STM32H7xx_HAL_Driver/stm32h7xx_hal_rcc_ex.o
                0x08104ed4                HAL_RCCEx_GetPLL2ClockFreq
 .text.HAL_RCCEx_GetPLL3ClockFreq
                0x0810517c      0x2a8 ./Drivers/STM32H7xx_HAL_Driver/stm32h7xx_hal_rcc_ex.o
                0x0810517c                HAL_RCCEx_GetPLL3ClockFreq
 .text.RCCEx_PLL2_Config
                0x08105424      0x164 ./Drivers/STM32H7xx_HAL_Driver/stm32h7xx_hal_rcc_ex.o
 .text.RCCEx_PLL3_Config
                0x08105588      0x164 ./Drivers/STM32H7xx_HAL_Driver/stm32h7xx_hal_rcc_ex.o
 .text.HAL_SPI_Init
                0x081056ec      0x248 ./Drivers/STM32H7xx_HAL_Driver/stm32h7xx_hal_spi.o
                0x081056ec                HAL_SPI_Init
 .text.HAL_SPI_Transmit
                0x08105934      0x3d6 ./Drivers/STM32H7xx_HAL_Driver/stm32h7xx_hal_spi.o
                0x08105934                HAL_SPI_Transmit
 *fill*         0x08105d0a        0x2 
 .text.HAL_SPI_TransmitReceive
                0x08105d0c      0x670 ./Drivers/STM32H7xx_HAL_Driver/stm32h7xx_hal_spi.o
                0x08105d0c                HAL_SPI_TransmitReceive
 .text.SPI_CloseTransfer
                0x0810637c      0x140 ./Drivers/STM32H7xx_HAL_Driver/stm32h7xx_hal_spi.o
 .text.SPI_WaitOnFlagUntilTimeout
                0x081064bc       0x5c ./Drivers/STM32H7xx_HAL_Driver/stm32h7xx_hal_spi.o
 .text.SPI_GetPacketSize
                0x08106518       0x36 ./Drivers/STM32H7xx_HAL_Driver/stm32h7xx_hal_spi.o
 .text.HAL_UART_Init
                0x0810654e       0xa0 ./Drivers/STM32H7xx_HAL_Driver/stm32h7xx_hal_uart.o
                0x0810654e                HAL_UART_Init
 .text.HAL_UART_Transmit
                0x081065ee      0x11c ./Drivers/STM32H7xx_HAL_Driver/stm32h7xx_hal_uart.o
                0x081065ee                HAL_UART_Transmit
 *fill*         0x0810670a        0x2 
 .text.UART_SetConfig
                0x0810670c      0xad0 ./Drivers/STM32H7xx_HAL_Driver/stm32h7xx_hal_uart.o
                0x0810670c                UART_SetConfig
 .text.UART_AdvFeatureConfig
                0x081071dc      0x144 ./Drivers/STM32H7xx_HAL_Driver/stm32h7xx_hal_uart.o
                0x081071dc                UART_AdvFeatureConfig
 .text.UART_CheckIdleState
                0x08107320      0x154 ./Drivers/STM32H7xx_HAL_Driver/stm32h7xx_hal_uart.o
                0x08107320                UART_CheckIdleState
 .text.UART_WaitOnFlagUntilTimeout
                0x08107474       0xda ./Drivers/STM32H7xx_HAL_Driver/stm32h7xx_hal_uart.o
                0x08107474                UART_WaitOnFlagUntilTimeout
 .text.UART_EndRxTransfer
                0x0810754e       0xcc ./Drivers/STM32H7xx_HAL_Driver/stm32h7xx_hal_uart.o
 .text.HAL_UARTEx_DisableFifoMode
                0x0810761a       0x72 ./Drivers/STM32H7xx_HAL_Driver/stm32h7xx_hal_uart_ex.o
                0x0810761a                HAL_UARTEx_DisableFifoMode
 .text.HAL_UARTEx_SetTxFifoThreshold
                0x0810768c       0x7c ./Drivers/STM32H7xx_HAL_Driver/stm32h7xx_hal_uart_ex.o
                0x0810768c                HAL_UARTEx_SetTxFifoThreshold
 .text.HAL_UARTEx_SetRxFifoThreshold
                0x08107708       0x7c ./Drivers/STM32H7xx_HAL_Driver/stm32h7xx_hal_uart_ex.o
                0x08107708                HAL_UARTEx_SetRxFifoThreshold
 .text.UARTEx_SetNbDataToProcess
                0x08107784       0x9c ./Drivers/STM32H7xx_HAL_Driver/stm32h7xx_hal_uart_ex.o
 .text.MX_FATFS_Init
                0x08107820       0x24 ./FATFS/App/fatfs.o
                0x08107820                MX_FATFS_Init
 .text.get_fattime
                0x08107844       0x10 ./FATFS/App/fatfs.o
                0x08107844                get_fattime
 .text.USER_initialize
                0x08107854       0x1c ./FATFS/Target/user_diskio.o
                0x08107854                USER_initialize
 .text.USER_status
                0x08107870       0x1c ./FATFS/Target/user_diskio.o
                0x08107870                USER_status
 .text.USER_read
                0x0810788c       0x26 ./FATFS/Target/user_diskio.o
                0x0810788c                USER_read
 .text.USER_write
                0x081078b2       0x26 ./FATFS/Target/user_diskio.o
                0x081078b2                USER_write
 .text.USER_ioctl
                0x081078d8       0x26 ./FATFS/Target/user_diskio.o
                0x081078d8                USER_ioctl
 *fill*         0x081078fe        0x2 
 .text.ff_convert
                0x08107900       0x78 ./Middlewares/Third_Party/FatFs/ccsbcs.o
                0x08107900                ff_convert
 .text.ff_wtoupper
                0x08107978      0x114 ./Middlewares/Third_Party/FatFs/ccsbcs.o
                0x08107978                ff_wtoupper
 .text.disk_status
                0x08107a8c       0x34 ./Middlewares/Third_Party/FatFs/diskio.o
                0x08107a8c                disk_status
 .text.disk_initialize
                0x08107ac0       0x50 ./Middlewares/Third_Party/FatFs/diskio.o
                0x08107ac0                disk_initialize
 .text.disk_read
                0x08107b10       0x40 ./Middlewares/Third_Party/FatFs/diskio.o
                0x08107b10                disk_read
 .text.disk_write
                0x08107b50       0x40 ./Middlewares/Third_Party/FatFs/diskio.o
                0x08107b50                disk_write
 .text.disk_ioctl
                0x08107b90       0x3c ./Middlewares/Third_Party/FatFs/diskio.o
                0x08107b90                disk_ioctl
 .text.ld_word  0x08107bcc       0x30 ./Middlewares/Third_Party/FatFs/ff.o
 .text.ld_dword
                0x08107bfc       0x46 ./Middlewares/Third_Party/FatFs/ff.o
 .text.st_word  0x08107c42       0x36 ./Middlewares/Third_Party/FatFs/ff.o
 .text.st_dword
                0x08107c78       0x58 ./Middlewares/Third_Party/FatFs/ff.o
 .text.mem_cpy  0x08107cd0       0x42 ./Middlewares/Third_Party/FatFs/ff.o
 .text.mem_set  0x08107d12       0x36 ./Middlewares/Third_Party/FatFs/ff.o
 .text.mem_cmp  0x08107d48       0x4e ./Middlewares/Third_Party/FatFs/ff.o
 .text.chk_chr  0x08107d96       0x36 ./Middlewares/Third_Party/FatFs/ff.o
 .text.chk_lock
                0x08107dcc       0xb8 ./Middlewares/Third_Party/FatFs/ff.o
 .text.enq_lock
                0x08107e84       0x44 ./Middlewares/Third_Party/FatFs/ff.o
 .text.inc_lock
                0x08107ec8      0x11c ./Middlewares/Third_Party/FatFs/ff.o
 .text.dec_lock
                0x08107fe4       0x78 ./Middlewares/Third_Party/FatFs/ff.o
 .text.clear_lock
                0x0810805c       0x48 ./Middlewares/Third_Party/FatFs/ff.o
 .text.sync_window
                0x081080a4       0x88 ./Middlewares/Third_Party/FatFs/ff.o
 .text.move_window
                0x0810812c       0x5a ./Middlewares/Third_Party/FatFs/ff.o
 *fill*         0x08108186        0x2 
 .text.sync_fs  0x08108188       0xe0 ./Middlewares/Third_Party/FatFs/ff.o
 .text.clust2sect
                0x08108268       0x3e ./Middlewares/Third_Party/FatFs/ff.o
 .text.get_fat  0x081082a6      0x1a6 ./Middlewares/Third_Party/FatFs/ff.o
 .text.put_fat  0x0810844c      0x234 ./Middlewares/Third_Party/FatFs/ff.o
 .text.remove_chain
                0x08108680       0xca ./Middlewares/Third_Party/FatFs/ff.o
 .text.create_chain
                0x0810874a      0x130 ./Middlewares/Third_Party/FatFs/ff.o
 .text.clmt_clust
                0x0810887a       0x70 ./Middlewares/Third_Party/FatFs/ff.o
 .text.dir_sdi  0x081088ea      0x112 ./Middlewares/Third_Party/FatFs/ff.o
 .text.dir_next
                0x081089fc      0x1ac ./Middlewares/Third_Party/FatFs/ff.o
 .text.dir_alloc
                0x08108ba8       0x8e ./Middlewares/Third_Party/FatFs/ff.o
 .text.ld_clust
                0x08108c36       0x3e ./Middlewares/Third_Party/FatFs/ff.o
 .text.st_clust
                0x08108c74       0x40 ./Middlewares/Third_Party/FatFs/ff.o
 .text.cmp_lfn  0x08108cb4       0xe0 ./Middlewares/Third_Party/FatFs/ff.o
 .text.put_lfn  0x08108d94       0xd0 ./Middlewares/Third_Party/FatFs/ff.o
 .text.gen_numname
                0x08108e64      0x11c ./Middlewares/Third_Party/FatFs/ff.o
 .text.sum_sfn  0x08108f80       0x42 ./Middlewares/Third_Party/FatFs/ff.o
 .text.dir_find
                0x08108fc2      0x180 ./Middlewares/Third_Party/FatFs/ff.o
 *fill*         0x08109142        0x2 
 .text.dir_register
                0x08109144      0x1f0 ./Middlewares/Third_Party/FatFs/ff.o
 .text.create_name
                0x08109334      0x370 ./Middlewares/Third_Party/FatFs/ff.o
 .text.follow_path
                0x081096a4       0xec ./Middlewares/Third_Party/FatFs/ff.o
 .text.get_ldnumber
                0x08109790       0x88 ./Middlewares/Third_Party/FatFs/ff.o
 .text.check_fs
                0x08109818       0xac ./Middlewares/Third_Party/FatFs/ff.o
 .text.find_volume
                0x081098c4      0x50c ./Middlewares/Third_Party/FatFs/ff.o
 .text.validate
                0x08109dd0       0x6a ./Middlewares/Third_Party/FatFs/ff.o
 *fill*         0x08109e3a        0x2 
 .text.f_mount  0x08109e3c       0x8c ./Middlewares/Third_Party/FatFs/ff.o
                0x08109e3c                f_mount
 .text.f_open   0x08109ec8      0x390 ./Middlewares/Third_Party/FatFs/ff.o
                0x08109ec8                f_open
 .text.f_write  0x0810a258      0x328 ./Middlewares/Third_Party/FatFs/ff.o
                0x0810a258                f_write
 .text.f_sync   0x0810a580       0xfc ./Middlewares/Third_Party/FatFs/ff.o
                0x0810a580                f_sync
 .text.f_close  0x0810a67c       0x54 ./Middlewares/Third_Party/FatFs/ff.o
                0x0810a67c                f_close
 .text.putc_bfd
                0x0810a6d0       0x7a ./Middlewares/Third_Party/FatFs/ff.o
 .text.putc_flush
                0x0810a74a       0x4a ./Middlewares/Third_Party/FatFs/ff.o
 .text.putc_init
                0x0810a794       0x2a ./Middlewares/Third_Party/FatFs/ff.o
 .text.f_puts   0x0810a7be       0x48 ./Middlewares/Third_Party/FatFs/ff.o
                0x0810a7be                f_puts
 *fill*         0x0810a806        0x2 
 .text.FATFS_LinkDriverEx
                0x0810a808       0x98 ./Middlewares/Third_Party/FatFs/ff_gen_drv.o
                0x0810a808                FATFS_LinkDriverEx
 .text.FATFS_LinkDriver
                0x0810a8a0       0x1e ./Middlewares/Third_Party/FatFs/ff_gen_drv.o
                0x0810a8a0                FATFS_LinkDriver
 *fill*         0x0810a8be        0x2 
 .text.BNO_08x_Init
                0x0810a8c0       0x3c ./Peripheral/Src/BNO08x.o
                0x0810a8c0                BNO_08x_Init
 .text.setI2CInterface_BNO08x
                0x0810a8fc       0x20 ./Peripheral/Src/BNO08x.o
                0x0810a8fc                setI2CInterface_BNO08x
 *fill*         0x0810a91c        0x4 
 .text.get_Orientation
                0x0810a920      0x4a4 ./Peripheral/Src/BNO08x.o
                0x0810a920                get_Orientation
 .text.setI2CInterface_MPL3115A2
                0x0810adc4       0x20 ./Peripheral/Src/MPL3115A2.o
                0x0810adc4                setI2CInterface_MPL3115A2
 .text.WRITE_REGISTER_MPL3115A2
                0x0810ade4       0x34 ./Peripheral/Src/MPL3115A2.o
                0x0810ade4                WRITE_REGISTER_MPL3115A2
 .text.READ_REGISTER_MPL3115A2
                0x0810ae18       0x44 ./Peripheral/Src/MPL3115A2.o
                0x0810ae18                READ_REGISTER_MPL3115A2
 .text.ReadBar_MPL3115A2_v2
                0x0810ae5c       0x38 ./Peripheral/Src/MPL3115A2.o
                0x0810ae5c                ReadBar_MPL3115A2_v2
 .text.parseBar_MPL3115A2
                0x0810ae94       0x58 ./Peripheral/Src/MPL3115A2.o
                0x0810ae94                parseBar_MPL3115A2
 .text.Init_Bar_MPL3115A2
                0x0810aeec       0x8a ./Peripheral/Src/MPL3115A2.o
                0x0810aeec                Init_Bar_MPL3115A2
 .text.Active_MPL3115A2
                0x0810af76       0x36 ./Peripheral/Src/MPL3115A2.o
                0x0810af76                Active_MPL3115A2
 .text.Read_Temp_MPL3115A2
                0x0810afac       0x3c ./Peripheral/Src/MPL3115A2.o
                0x0810afac                Read_Temp_MPL3115A2
 .text.parseTemp_MPL3115A2
                0x0810afe8       0x68 ./Peripheral/Src/MPL3115A2.o
                0x0810afe8                parseTemp_MPL3115A2
 .text.SHT31_Config
                0x0810b050       0x44 ./Peripheral/Src/SHT31.o
                0x0810b050                SHT31_Config
 .text.SHT31_SendCommand
                0x0810b094       0x54 ./Peripheral/Src/SHT31.o
                0x0810b094                SHT31_SendCommand
 .text.SHT31_GetBytes
                0x0810b0e8       0x44 ./Peripheral/Src/SHT31.o
                0x0810b0e8                SHT31_GetBytes
 .text.SHT31_GetData
                0x0810b12c      0x158 ./Peripheral/Src/SHT31.o
                0x0810b12c                SHT31_GetData
 .text.SHT31_GetCommand
                0x0810b284       0x78 ./Peripheral/Src/SHT31.o
                0x0810b284                SHT31_GetCommand
 .text.SHT31_CRC_8
                0x0810b2fc       0x74 ./Peripheral/Src/SHT31.o
                0x0810b2fc                SHT31_CRC_8
 .text.SHT31_GetHumidity
                0x0810b370       0x58 ./Peripheral/Src/SHT31.o
                0x0810b370                SHT31_GetHumidity
 .text.SHT31_GetTemperature
                0x0810b3c8       0x70 ./Peripheral/Src/SHT31.o
                0x0810b3c8                SHT31_GetTemperature
 .text.SELECT   0x0810b438       0x20 ./Peripheral/Src/fatfs_sd.o
 .text.DESELECT
                0x0810b458       0x20 ./Peripheral/Src/fatfs_sd.o
 .text.SPI_TxByte
                0x0810b478       0x34 ./Peripheral/Src/fatfs_sd.o
 .text.SPI_TxBuffer
                0x0810b4ac       0x34 ./Peripheral/Src/fatfs_sd.o
 .text.SPI_RxByte
                0x0810b4e0       0x38 ./Peripheral/Src/fatfs_sd.o
 .text.SPI_RxBytePtr
                0x0810b518       0x1c ./Peripheral/Src/fatfs_sd.o
 .text.SD_ReadyWait
                0x0810b534       0x34 ./Peripheral/Src/fatfs_sd.o
 .text.SD_PowerOn
                0x0810b568       0x84 ./Peripheral/Src/fatfs_sd.o
 .text.SD_PowerOff
                0x0810b5ec       0x18 ./Peripheral/Src/fatfs_sd.o
 .text.SD_CheckPower
                0x0810b604       0x18 ./Peripheral/Src/fatfs_sd.o
 .text.SD_RxDataBlock
                0x0810b61c       0x5c ./Peripheral/Src/fatfs_sd.o
 .text.SD_TxDataBlock
                0x0810b678       0x86 ./Peripheral/Src/fatfs_sd.o
 .text.SD_SendCmd
                0x0810b6fe       0xa8 ./Peripheral/Src/fatfs_sd.o
 *fill*         0x0810b7a6        0x2 
 .text.SD_disk_initialize
                0x0810b7a8      0x1cc ./Peripheral/Src/fatfs_sd.o
                0x0810b7a8                SD_disk_initialize
 .text.SD_disk_status
                0x0810b974       0x2c ./Peripheral/Src/fatfs_sd.o
                0x0810b974                SD_disk_status
 .text.SD_disk_read
                0x0810b9a0       0xd4 ./Peripheral/Src/fatfs_sd.o
                0x0810b9a0                SD_disk_read
 .text.SD_disk_write
                0x0810ba74      0x108 ./Peripheral/Src/fatfs_sd.o
                0x0810ba74                SD_disk_write
 .text.SD_disk_ioctl
                0x0810bb7c      0x254 ./Peripheral/Src/fatfs_sd.o
                0x0810bb7c                SD_disk_ioctl
 .text.status_SD
                0x0810bdd0      0x16c ./Peripheral/Src/fatfs_sd.o
                0x0810bdd0                status_SD
 .text.__cvt    0x0810bf3c       0xca E:/ST/STM32CubeIDE_1.17.0/STM32CubeIDE/plugins/com.st.stm32cube.ide.mcu.externaltools.gnu-tools-for-stm32.12.3.rel1.win32_1.1.0.202410251130/tools/bin/../lib/gcc/arm-none-eabi/12.3.1/../../../../arm-none-eabi/lib/thumb/v7e-m+fp/hard\libc_nano.a(libc_a-nano-vfprintf_float.o)
                0x0810bf3c                __cvt
 .text.__exponent
                0x0810c006       0x74 E:/ST/STM32CubeIDE_1.17.0/STM32CubeIDE/plugins/com.st.stm32cube.ide.mcu.externaltools.gnu-tools-for-stm32.12.3.rel1.win32_1.1.0.202410251130/tools/bin/../lib/gcc/arm-none-eabi/12.3.1/../../../../arm-none-eabi/lib/thumb/v7e-m+fp/hard\libc_nano.a(libc_a-nano-vfprintf_float.o)
                0x0810c006                __exponent
 *fill*         0x0810c07a        0x2 
 .text._printf_float
                0x0810c07c      0x454 E:/ST/STM32CubeIDE_1.17.0/STM32CubeIDE/plugins/com.st.stm32cube.ide.mcu.externaltools.gnu-tools-for-stm32.12.3.rel1.win32_1.1.0.202410251130/tools/bin/../lib/gcc/arm-none-eabi/12.3.1/../../../../arm-none-eabi/lib/thumb/v7e-m+fp/hard\libc_nano.a(libc_a-nano-vfprintf_float.o)
                0x0810c07c                _printf_float
 .text._printf_common
                0x0810c4d0       0xda E:/ST/STM32CubeIDE_1.17.0/STM32CubeIDE/plugins/com.st.stm32cube.ide.mcu.externaltools.gnu-tools-for-stm32.12.3.rel1.win32_1.1.0.202410251130/tools/bin/../lib/gcc/arm-none-eabi/12.3.1/../../../../arm-none-eabi/lib/thumb/v7e-m+fp/hard\libc_nano.a(libc_a-nano-vfprintf_i.o)
                0x0810c4d0                _printf_common
 *fill*         0x0810c5aa        0x2 
 .text._printf_i
                0x0810c5ac      0x240 E:/ST/STM32CubeIDE_1.17.0/STM32CubeIDE/plugins/com.st.stm32cube.ide.mcu.externaltools.gnu-tools-for-stm32.12.3.rel1.win32_1.1.0.202410251130/tools/bin/../lib/gcc/arm-none-eabi/12.3.1/../../../../arm-none-eabi/lib/thumb/v7e-m+fp/hard\libc_nano.a(libc_a-nano-vfprintf_i.o)
                0x0810c5ac                _printf_i
 .text.std      0x0810c7ec       0x6c E:/ST/STM32CubeIDE_1.17.0/STM32CubeIDE/plugins/com.st.stm32cube.ide.mcu.externaltools.gnu-tools-for-stm32.12.3.rel1.win32_1.1.0.202410251130/tools/bin/../lib/gcc/arm-none-eabi/12.3.1/../../../../arm-none-eabi/lib/thumb/v7e-m+fp/hard\libc_nano.a(libc_a-findfp.o)
 .text.stdio_exit_handler
                0x0810c858       0x18 E:/ST/STM32CubeIDE_1.17.0/STM32CubeIDE/plugins/com.st.stm32cube.ide.mcu.externaltools.gnu-tools-for-stm32.12.3.rel1.win32_1.1.0.202410251130/tools/bin/../lib/gcc/arm-none-eabi/12.3.1/../../../../arm-none-eabi/lib/thumb/v7e-m+fp/hard\libc_nano.a(libc_a-findfp.o)
 .text.cleanup_stdio
                0x0810c870       0x40 E:/ST/STM32CubeIDE_1.17.0/STM32CubeIDE/plugins/com.st.stm32cube.ide.mcu.externaltools.gnu-tools-for-stm32.12.3.rel1.win32_1.1.0.202410251130/tools/bin/../lib/gcc/arm-none-eabi/12.3.1/../../../../arm-none-eabi/lib/thumb/v7e-m+fp/hard\libc_nano.a(libc_a-findfp.o)
 .text.global_stdio_init.part.0
                0x0810c8b0       0x3c E:/ST/STM32CubeIDE_1.17.0/STM32CubeIDE/plugins/com.st.stm32cube.ide.mcu.externaltools.gnu-tools-for-stm32.12.3.rel1.win32_1.1.0.202410251130/tools/bin/../lib/gcc/arm-none-eabi/12.3.1/../../../../arm-none-eabi/lib/thumb/v7e-m+fp/hard\libc_nano.a(libc_a-findfp.o)
 .text.__sfp_lock_acquire
                0x0810c8ec        0xc E:/ST/STM32CubeIDE_1.17.0/STM32CubeIDE/plugins/com.st.stm32cube.ide.mcu.externaltools.gnu-tools-for-stm32.12.3.rel1.win32_1.1.0.202410251130/tools/bin/../lib/gcc/arm-none-eabi/12.3.1/../../../../arm-none-eabi/lib/thumb/v7e-m+fp/hard\libc_nano.a(libc_a-findfp.o)
                0x0810c8ec                __sfp_lock_acquire
 .text.__sfp_lock_release
                0x0810c8f8        0xc E:/ST/STM32CubeIDE_1.17.0/STM32CubeIDE/plugins/com.st.stm32cube.ide.mcu.externaltools.gnu-tools-for-stm32.12.3.rel1.win32_1.1.0.202410251130/tools/bin/../lib/gcc/arm-none-eabi/12.3.1/../../../../arm-none-eabi/lib/thumb/v7e-m+fp/hard\libc_nano.a(libc_a-findfp.o)
                0x0810c8f8                __sfp_lock_release
 .text.__sinit  0x0810c904       0x30 E:/ST/STM32CubeIDE_1.17.0/STM32CubeIDE/plugins/com.st.stm32cube.ide.mcu.externaltools.gnu-tools-for-stm32.12.3.rel1.win32_1.1.0.202410251130/tools/bin/../lib/gcc/arm-none-eabi/12.3.1/../../../../arm-none-eabi/lib/thumb/v7e-m+fp/hard\libc_nano.a(libc_a-findfp.o)
                0x0810c904                __sinit
 .text._fwalk_sglue
                0x0810c934       0x3c E:/ST/STM32CubeIDE_1.17.0/STM32CubeIDE/plugins/com.st.stm32cube.ide.mcu.externaltools.gnu-tools-for-stm32.12.3.rel1.win32_1.1.0.202410251130/tools/bin/../lib/gcc/arm-none-eabi/12.3.1/../../../../arm-none-eabi/lib/thumb/v7e-m+fp/hard\libc_nano.a(libc_a-fwalk.o)
                0x0810c934                _fwalk_sglue
 .text.printf   0x0810c970       0x24 E:/ST/STM32CubeIDE_1.17.0/STM32CubeIDE/plugins/com.st.stm32cube.ide.mcu.externaltools.gnu-tools-for-stm32.12.3.rel1.win32_1.1.0.202410251130/tools/bin/../lib/gcc/arm-none-eabi/12.3.1/../../../../arm-none-eabi/lib/thumb/v7e-m+fp/hard\libc_nano.a(libc_a-printf.o)
                0x0810c970                iprintf
                0x0810c970                printf
 .text._puts_r  0x0810c994       0xaa E:/ST/STM32CubeIDE_1.17.0/STM32CubeIDE/plugins/com.st.stm32cube.ide.mcu.externaltools.gnu-tools-for-stm32.12.3.rel1.win32_1.1.0.202410251130/tools/bin/../lib/gcc/arm-none-eabi/12.3.1/../../../../arm-none-eabi/lib/thumb/v7e-m+fp/hard\libc_nano.a(libc_a-puts.o)
                0x0810c994                _puts_r
 *fill*         0x0810ca3e        0x2 
 .text.puts     0x0810ca40       0x10 E:/ST/STM32CubeIDE_1.17.0/STM32CubeIDE/plugins/com.st.stm32cube.ide.mcu.externaltools.gnu-tools-for-stm32.12.3.rel1.win32_1.1.0.202410251130/tools/bin/../lib/gcc/arm-none-eabi/12.3.1/../../../../arm-none-eabi/lib/thumb/v7e-m+fp/hard\libc_nano.a(libc_a-puts.o)
                0x0810ca40                puts
 .text.sprintf  0x0810ca50       0x40 E:/ST/STM32CubeIDE_1.17.0/STM32CubeIDE/plugins/com.st.stm32cube.ide.mcu.externaltools.gnu-tools-for-stm32.12.3.rel1.win32_1.1.0.202410251130/tools/bin/../lib/gcc/arm-none-eabi/12.3.1/../../../../arm-none-eabi/lib/thumb/v7e-m+fp/hard\libc_nano.a(libc_a-sprintf.o)
                0x0810ca50                siprintf
                0x0810ca50                sprintf
 .text.__sread  0x0810ca90       0x22 E:/ST/STM32CubeIDE_1.17.0/STM32CubeIDE/plugins/com.st.stm32cube.ide.mcu.externaltools.gnu-tools-for-stm32.12.3.rel1.win32_1.1.0.202410251130/tools/bin/../lib/gcc/arm-none-eabi/12.3.1/../../../../arm-none-eabi/lib/thumb/v7e-m+fp/hard\libc_nano.a(libc_a-stdio.o)
                0x0810ca90                __sread
 .text.__swrite
                0x0810cab2       0x38 E:/ST/STM32CubeIDE_1.17.0/STM32CubeIDE/plugins/com.st.stm32cube.ide.mcu.externaltools.gnu-tools-for-stm32.12.3.rel1.win32_1.1.0.202410251130/tools/bin/../lib/gcc/arm-none-eabi/12.3.1/../../../../arm-none-eabi/lib/thumb/v7e-m+fp/hard\libc_nano.a(libc_a-stdio.o)
                0x0810cab2                __swrite
 .text.__sseek  0x0810caea       0x24 E:/ST/STM32CubeIDE_1.17.0/STM32CubeIDE/plugins/com.st.stm32cube.ide.mcu.externaltools.gnu-tools-for-stm32.12.3.rel1.win32_1.1.0.202410251130/tools/bin/../lib/gcc/arm-none-eabi/12.3.1/../../../../arm-none-eabi/lib/thumb/v7e-m+fp/hard\libc_nano.a(libc_a-stdio.o)
                0x0810caea                __sseek
 .text.__sclose
                0x0810cb0e        0x8 E:/ST/STM32CubeIDE_1.17.0/STM32CubeIDE/plugins/com.st.stm32cube.ide.mcu.externaltools.gnu-tools-for-stm32.12.3.rel1.win32_1.1.0.202410251130/tools/bin/../lib/gcc/arm-none-eabi/12.3.1/../../../../arm-none-eabi/lib/thumb/v7e-m+fp/hard\libc_nano.a(libc_a-stdio.o)
                0x0810cb0e                __sclose
 .text.__swbuf_r
                0x0810cb16       0x7c E:/ST/STM32CubeIDE_1.17.0/STM32CubeIDE/plugins/com.st.stm32cube.ide.mcu.externaltools.gnu-tools-for-stm32.12.3.rel1.win32_1.1.0.202410251130/tools/bin/../lib/gcc/arm-none-eabi/12.3.1/../../../../arm-none-eabi/lib/thumb/v7e-m+fp/hard\libc_nano.a(libc_a-wbuf.o)
                0x0810cb16                __swbuf_r
 *fill*         0x0810cb92        0x2 
 .text.__swsetup_r
                0x0810cb94       0xac E:/ST/STM32CubeIDE_1.17.0/STM32CubeIDE/plugins/com.st.stm32cube.ide.mcu.externaltools.gnu-tools-for-stm32.12.3.rel1.win32_1.1.0.202410251130/tools/bin/../lib/gcc/arm-none-eabi/12.3.1/../../../../arm-none-eabi/lib/thumb/v7e-m+fp/hard\libc_nano.a(libc_a-wsetup.o)
                0x0810cb94                __swsetup_r
 .text.memset   0x0810cc40       0x10 E:/ST/STM32CubeIDE_1.17.0/STM32CubeIDE/plugins/com.st.stm32cube.ide.mcu.externaltools.gnu-tools-for-stm32.12.3.rel1.win32_1.1.0.202410251130/tools/bin/../lib/gcc/arm-none-eabi/12.3.1/../../../../arm-none-eabi/lib/thumb/v7e-m+fp/hard\libc_nano.a(libc_a-memset.o)
                0x0810cc40                memset
 .text._localeconv_r
                0x0810cc50        0x8 E:/ST/STM32CubeIDE_1.17.0/STM32CubeIDE/plugins/com.st.stm32cube.ide.mcu.externaltools.gnu-tools-for-stm32.12.3.rel1.win32_1.1.0.202410251130/tools/bin/../lib/gcc/arm-none-eabi/12.3.1/../../../../arm-none-eabi/lib/thumb/v7e-m+fp/hard\libc_nano.a(libc_a-localeconv.o)
                0x0810cc50                _localeconv_r
 .text._close_r
                0x0810cc58       0x20 E:/ST/STM32CubeIDE_1.17.0/STM32CubeIDE/plugins/com.st.stm32cube.ide.mcu.externaltools.gnu-tools-for-stm32.12.3.rel1.win32_1.1.0.202410251130/tools/bin/../lib/gcc/arm-none-eabi/12.3.1/../../../../arm-none-eabi/lib/thumb/v7e-m+fp/hard\libc_nano.a(libc_a-closer.o)
                0x0810cc58                _close_r
 .text._lseek_r
                0x0810cc78       0x24 E:/ST/STM32CubeIDE_1.17.0/STM32CubeIDE/plugins/com.st.stm32cube.ide.mcu.externaltools.gnu-tools-for-stm32.12.3.rel1.win32_1.1.0.202410251130/tools/bin/../lib/gcc/arm-none-eabi/12.3.1/../../../../arm-none-eabi/lib/thumb/v7e-m+fp/hard\libc_nano.a(libc_a-lseekr.o)
                0x0810cc78                _lseek_r
 .text._read_r  0x0810cc9c       0x24 E:/ST/STM32CubeIDE_1.17.0/STM32CubeIDE/plugins/com.st.stm32cube.ide.mcu.externaltools.gnu-tools-for-stm32.12.3.rel1.win32_1.1.0.202410251130/tools/bin/../lib/gcc/arm-none-eabi/12.3.1/../../../../arm-none-eabi/lib/thumb/v7e-m+fp/hard\libc_nano.a(libc_a-readr.o)
                0x0810cc9c                _read_r
 .text._write_r
                0x0810ccc0       0x24 E:/ST/STM32CubeIDE_1.17.0/STM32CubeIDE/plugins/com.st.stm32cube.ide.mcu.externaltools.gnu-tools-for-stm32.12.3.rel1.win32_1.1.0.202410251130/tools/bin/../lib/gcc/arm-none-eabi/12.3.1/../../../../arm-none-eabi/lib/thumb/v7e-m+fp/hard\libc_nano.a(libc_a-writer.o)
                0x0810ccc0                _write_r
 .text.__errno  0x0810cce4        0xc E:/ST/STM32CubeIDE_1.17.0/STM32CubeIDE/plugins/com.st.stm32cube.ide.mcu.externaltools.gnu-tools-for-stm32.12.3.rel1.win32_1.1.0.202410251130/tools/bin/../lib/gcc/arm-none-eabi/12.3.1/../../../../arm-none-eabi/lib/thumb/v7e-m+fp/hard\libc_nano.a(libc_a-errno.o)
                0x0810cce4                __errno
 .text.__libc_init_array
                0x0810ccf0       0x48 E:/ST/STM32CubeIDE_1.17.0/STM32CubeIDE/plugins/com.st.stm32cube.ide.mcu.externaltools.gnu-tools-for-stm32.12.3.rel1.win32_1.1.0.202410251130/tools/bin/../lib/gcc/arm-none-eabi/12.3.1/../../../../arm-none-eabi/lib/thumb/v7e-m+fp/hard\libc_nano.a(libc_a-init.o)
                0x0810ccf0                __libc_init_array
 .text.__retarget_lock_init_recursive
                0x0810cd38        0x2 E:/ST/STM32CubeIDE_1.17.0/STM32CubeIDE/plugins/com.st.stm32cube.ide.mcu.externaltools.gnu-tools-for-stm32.12.3.rel1.win32_1.1.0.202410251130/tools/bin/../lib/gcc/arm-none-eabi/12.3.1/../../../../arm-none-eabi/lib/thumb/v7e-m+fp/hard\libc_nano.a(libc_a-lock.o)
                0x0810cd38                __retarget_lock_init_recursive
 .text.__retarget_lock_acquire_recursive
                0x0810cd3a        0x2 E:/ST/STM32CubeIDE_1.17.0/STM32CubeIDE/plugins/com.st.stm32cube.ide.mcu.externaltools.gnu-tools-for-stm32.12.3.rel1.win32_1.1.0.202410251130/tools/bin/../lib/gcc/arm-none-eabi/12.3.1/../../../../arm-none-eabi/lib/thumb/v7e-m+fp/hard\libc_nano.a(libc_a-lock.o)
                0x0810cd3a                __retarget_lock_acquire_recursive
 .text.__retarget_lock_release_recursive
                0x0810cd3c        0x2 E:/ST/STM32CubeIDE_1.17.0/STM32CubeIDE/plugins/com.st.stm32cube.ide.mcu.externaltools.gnu-tools-for-stm32.12.3.rel1.win32_1.1.0.202410251130/tools/bin/../lib/gcc/arm-none-eabi/12.3.1/../../../../arm-none-eabi/lib/thumb/v7e-m+fp/hard\libc_nano.a(libc_a-lock.o)
                0x0810cd3c                __retarget_lock_release_recursive
 .text.quorem   0x0810cd3e      0x110 E:/ST/STM32CubeIDE_1.17.0/STM32CubeIDE/plugins/com.st.stm32cube.ide.mcu.externaltools.gnu-tools-for-stm32.12.3.rel1.win32_1.1.0.202410251130/tools/bin/../lib/gcc/arm-none-eabi/12.3.1/../../../../arm-none-eabi/lib/thumb/v7e-m+fp/hard\libc_nano.a(libc_a-dtoa.o)
 *fill*         0x0810ce4e        0x2 
 .text._dtoa_r  0x0810ce50      0xb88 E:/ST/STM32CubeIDE_1.17.0/STM32CubeIDE/plugins/com.st.stm32cube.ide.mcu.externaltools.gnu-tools-for-stm32.12.3.rel1.win32_1.1.0.202410251130/tools/bin/../lib/gcc/arm-none-eabi/12.3.1/../../../../arm-none-eabi/lib/thumb/v7e-m+fp/hard\libc_nano.a(libc_a-dtoa.o)
                0x0810ce50                _dtoa_r
 .text._free_r  0x0810d9d8       0x94 E:/ST/STM32CubeIDE_1.17.0/STM32CubeIDE/plugins/com.st.stm32cube.ide.mcu.externaltools.gnu-tools-for-stm32.12.3.rel1.win32_1.1.0.202410251130/tools/bin/../lib/gcc/arm-none-eabi/12.3.1/../../../../arm-none-eabi/lib/thumb/v7e-m+fp/hard\libc_nano.a(libc_a-freer.o)
                0x0810d9d8                _free_r
 .text.malloc   0x0810da6c       0x10 E:/ST/STM32CubeIDE_1.17.0/STM32CubeIDE/plugins/com.st.stm32cube.ide.mcu.externaltools.gnu-tools-for-stm32.12.3.rel1.win32_1.1.0.202410251130/tools/bin/../lib/gcc/arm-none-eabi/12.3.1/../../../../arm-none-eabi/lib/thumb/v7e-m+fp/hard\libc_nano.a(libc_a-malloc.o)
                0x0810da6c                malloc
 .text.sbrk_aligned
                0x0810da7c       0x44 E:/ST/STM32CubeIDE_1.17.0/STM32CubeIDE/plugins/com.st.stm32cube.ide.mcu.externaltools.gnu-tools-for-stm32.12.3.rel1.win32_1.1.0.202410251130/tools/bin/../lib/gcc/arm-none-eabi/12.3.1/../../../../arm-none-eabi/lib/thumb/v7e-m+fp/hard\libc_nano.a(libc_a-mallocr.o)
 .text._malloc_r
                0x0810dac0      0x100 E:/ST/STM32CubeIDE_1.17.0/STM32CubeIDE/plugins/com.st.stm32cube.ide.mcu.externaltools.gnu-tools-for-stm32.12.3.rel1.win32_1.1.0.202410251130/tools/bin/../lib/gcc/arm-none-eabi/12.3.1/../../../../arm-none-eabi/lib/thumb/v7e-m+fp/hard\libc_nano.a(libc_a-mallocr.o)
                0x0810dac0                _malloc_r
 .text.__malloc_lock
                0x0810dbc0        0xc E:/ST/STM32CubeIDE_1.17.0/STM32CubeIDE/plugins/com.st.stm32cube.ide.mcu.externaltools.gnu-tools-for-stm32.12.3.rel1.win32_1.1.0.202410251130/tools/bin/../lib/gcc/arm-none-eabi/12.3.1/../../../../arm-none-eabi/lib/thumb/v7e-m+fp/hard\libc_nano.a(libc_a-mlock.o)
                0x0810dbc0                __malloc_lock
 .text.__malloc_unlock
                0x0810dbcc        0xc E:/ST/STM32CubeIDE_1.17.0/STM32CubeIDE/plugins/com.st.stm32cube.ide.mcu.externaltools.gnu-tools-for-stm32.12.3.rel1.win32_1.1.0.202410251130/tools/bin/../lib/gcc/arm-none-eabi/12.3.1/../../../../arm-none-eabi/lib/thumb/v7e-m+fp/hard\libc_nano.a(libc_a-mlock.o)
                0x0810dbcc                __malloc_unlock
 .text._Balloc  0x0810dbd8       0x80 E:/ST/STM32CubeIDE_1.17.0/STM32CubeIDE/plugins/com.st.stm32cube.ide.mcu.externaltools.gnu-tools-for-stm32.12.3.rel1.win32_1.1.0.202410251130/tools/bin/../lib/gcc/arm-none-eabi/12.3.1/../../../../arm-none-eabi/lib/thumb/v7e-m+fp/hard\libc_nano.a(libc_a-mprec.o)
                0x0810dbd8                _Balloc
 .text._Bfree   0x0810dc58       0x44 E:/ST/STM32CubeIDE_1.17.0/STM32CubeIDE/plugins/com.st.stm32cube.ide.mcu.externaltools.gnu-tools-for-stm32.12.3.rel1.win32_1.1.0.202410251130/tools/bin/../lib/gcc/arm-none-eabi/12.3.1/../../../../arm-none-eabi/lib/thumb/v7e-m+fp/hard\libc_nano.a(libc_a-mprec.o)
                0x0810dc58                _Bfree
 .text.__multadd
                0x0810dc9c       0x8c E:/ST/STM32CubeIDE_1.17.0/STM32CubeIDE/plugins/com.st.stm32cube.ide.mcu.externaltools.gnu-tools-for-stm32.12.3.rel1.win32_1.1.0.202410251130/tools/bin/../lib/gcc/arm-none-eabi/12.3.1/../../../../arm-none-eabi/lib/thumb/v7e-m+fp/hard\libc_nano.a(libc_a-mprec.o)
                0x0810dc9c                __multadd
 .text.__hi0bits
                0x0810dd28       0x3e E:/ST/STM32CubeIDE_1.17.0/STM32CubeIDE/plugins/com.st.stm32cube.ide.mcu.externaltools.gnu-tools-for-stm32.12.3.rel1.win32_1.1.0.202410251130/tools/bin/../lib/gcc/arm-none-eabi/12.3.1/../../../../arm-none-eabi/lib/thumb/v7e-m+fp/hard\libc_nano.a(libc_a-mprec.o)
                0x0810dd28                __hi0bits
 .text.__lo0bits
                0x0810dd66       0x5a E:/ST/STM32CubeIDE_1.17.0/STM32CubeIDE/plugins/com.st.stm32cube.ide.mcu.externaltools.gnu-tools-for-stm32.12.3.rel1.win32_1.1.0.202410251130/tools/bin/../lib/gcc/arm-none-eabi/12.3.1/../../../../arm-none-eabi/lib/thumb/v7e-m+fp/hard\libc_nano.a(libc_a-mprec.o)
                0x0810dd66                __lo0bits
 .text.__i2b    0x0810ddc0       0x2c E:/ST/STM32CubeIDE_1.17.0/STM32CubeIDE/plugins/com.st.stm32cube.ide.mcu.externaltools.gnu-tools-for-stm32.12.3.rel1.win32_1.1.0.202410251130/tools/bin/../lib/gcc/arm-none-eabi/12.3.1/../../../../arm-none-eabi/lib/thumb/v7e-m+fp/hard\libc_nano.a(libc_a-mprec.o)
                0x0810ddc0                __i2b
 .text.__multiply
                0x0810ddec      0x154 E:/ST/STM32CubeIDE_1.17.0/STM32CubeIDE/plugins/com.st.stm32cube.ide.mcu.externaltools.gnu-tools-for-stm32.12.3.rel1.win32_1.1.0.202410251130/tools/bin/../lib/gcc/arm-none-eabi/12.3.1/../../../../arm-none-eabi/lib/thumb/v7e-m+fp/hard\libc_nano.a(libc_a-mprec.o)
                0x0810ddec                __multiply
 .text.__pow5mult
                0x0810df40       0xb4 E:/ST/STM32CubeIDE_1.17.0/STM32CubeIDE/plugins/com.st.stm32cube.ide.mcu.externaltools.gnu-tools-for-stm32.12.3.rel1.win32_1.1.0.202410251130/tools/bin/../lib/gcc/arm-none-eabi/12.3.1/../../../../arm-none-eabi/lib/thumb/v7e-m+fp/hard\libc_nano.a(libc_a-mprec.o)
                0x0810df40                __pow5mult
 .text.__lshift
                0x0810dff4       0xd8 E:/ST/STM32CubeIDE_1.17.0/STM32CubeIDE/plugins/com.st.stm32cube.ide.mcu.externaltools.gnu-tools-for-stm32.12.3.rel1.win32_1.1.0.202410251130/tools/bin/../lib/gcc/arm-none-eabi/12.3.1/../../../../arm-none-eabi/lib/thumb/v7e-m+fp/hard\libc_nano.a(libc_a-mprec.o)
                0x0810dff4                __lshift
 .text.__mcmp   0x0810e0cc       0x36 E:/ST/STM32CubeIDE_1.17.0/STM32CubeIDE/plugins/com.st.stm32cube.ide.mcu.externaltools.gnu-tools-for-stm32.12.3.rel1.win32_1.1.0.202410251130/tools/bin/../lib/gcc/arm-none-eabi/12.3.1/../../../../arm-none-eabi/lib/thumb/v7e-m+fp/hard\libc_nano.a(libc_a-mprec.o)
                0x0810e0cc                __mcmp
 *fill*         0x0810e102        0x2 
 .text.__mdiff  0x0810e104      0x128 E:/ST/STM32CubeIDE_1.17.0/STM32CubeIDE/plugins/com.st.stm32cube.ide.mcu.externaltools.gnu-tools-for-stm32.12.3.rel1.win32_1.1.0.202410251130/tools/bin/../lib/gcc/arm-none-eabi/12.3.1/../../../../arm-none-eabi/lib/thumb/v7e-m+fp/hard\libc_nano.a(libc_a-mprec.o)
                0x0810e104                __mdiff
 .text.__d2b    0x0810e22c       0xb0 E:/ST/STM32CubeIDE_1.17.0/STM32CubeIDE/plugins/com.st.stm32cube.ide.mcu.externaltools.gnu-tools-for-stm32.12.3.rel1.win32_1.1.0.202410251130/tools/bin/../lib/gcc/arm-none-eabi/12.3.1/../../../../arm-none-eabi/lib/thumb/v7e-m+fp/hard\libc_nano.a(libc_a-mprec.o)
                0x0810e22c                __d2b
 .text.__ssputs_r
                0x0810e2dc       0xb6 E:/ST/STM32CubeIDE_1.17.0/STM32CubeIDE/plugins/com.st.stm32cube.ide.mcu.externaltools.gnu-tools-for-stm32.12.3.rel1.win32_1.1.0.202410251130/tools/bin/../lib/gcc/arm-none-eabi/12.3.1/../../../../arm-none-eabi/lib/thumb/v7e-m+fp/hard\libc_nano.a(libc_a-nano-svfprintf.o)
                0x0810e2dc                __ssputs_r
 *fill*         0x0810e392        0x2 
 .text._svfprintf_r
                0x0810e394      0x1f8 E:/ST/STM32CubeIDE_1.17.0/STM32CubeIDE/plugins/com.st.stm32cube.ide.mcu.externaltools.gnu-tools-for-stm32.12.3.rel1.win32_1.1.0.202410251130/tools/bin/../lib/gcc/arm-none-eabi/12.3.1/../../../../arm-none-eabi/lib/thumb/v7e-m+fp/hard\libc_nano.a(libc_a-nano-svfprintf.o)
                0x0810e394                _svfiprintf_r
                0x0810e394                _svfprintf_r
 .text.__sfputc_r
                0x0810e58c       0x2e E:/ST/STM32CubeIDE_1.17.0/STM32CubeIDE/plugins/com.st.stm32cube.ide.mcu.externaltools.gnu-tools-for-stm32.12.3.rel1.win32_1.1.0.202410251130/tools/bin/../lib/gcc/arm-none-eabi/12.3.1/../../../../arm-none-eabi/lib/thumb/v7e-m+fp/hard\libc_nano.a(libc_a-nano-vfprintf.o)
 .text.__sfputs_r
                0x0810e5ba       0x24 E:/ST/STM32CubeIDE_1.17.0/STM32CubeIDE/plugins/com.st.stm32cube.ide.mcu.externaltools.gnu-tools-for-stm32.12.3.rel1.win32_1.1.0.202410251130/tools/bin/../lib/gcc/arm-none-eabi/12.3.1/../../../../arm-none-eabi/lib/thumb/v7e-m+fp/hard\libc_nano.a(libc_a-nano-vfprintf.o)
                0x0810e5ba                __sfputs_r
 *fill*         0x0810e5de        0x2 
 .text._vfprintf_r
                0x0810e5e0      0x230 E:/ST/STM32CubeIDE_1.17.0/STM32CubeIDE/plugins/com.st.stm32cube.ide.mcu.externaltools.gnu-tools-for-stm32.12.3.rel1.win32_1.1.0.202410251130/tools/bin/../lib/gcc/arm-none-eabi/12.3.1/../../../../arm-none-eabi/lib/thumb/v7e-m+fp/hard\libc_nano.a(libc_a-nano-vfprintf.o)
                0x0810e5e0                _vfprintf_r
                0x0810e5e0                _vfiprintf_r
 .text.__sflush_r
                0x0810e810      0x108 E:/ST/STM32CubeIDE_1.17.0/STM32CubeIDE/plugins/com.st.stm32cube.ide.mcu.externaltools.gnu-tools-for-stm32.12.3.rel1.win32_1.1.0.202410251130/tools/bin/../lib/gcc/arm-none-eabi/12.3.1/../../../../arm-none-eabi/lib/thumb/v7e-m+fp/hard\libc_nano.a(libc_a-fflush.o)
                0x0810e810                __sflush_r
 .text._fflush_r
                0x0810e918       0x50 E:/ST/STM32CubeIDE_1.17.0/STM32CubeIDE/plugins/com.st.stm32cube.ide.mcu.externaltools.gnu-tools-for-stm32.12.3.rel1.win32_1.1.0.202410251130/tools/bin/../lib/gcc/arm-none-eabi/12.3.1/../../../../arm-none-eabi/lib/thumb/v7e-m+fp/hard\libc_nano.a(libc_a-fflush.o)
                0x0810e918                _fflush_r
 .text.__swhatbuf_r
                0x0810e968       0x4c E:/ST/STM32CubeIDE_1.17.0/STM32CubeIDE/plugins/com.st.stm32cube.ide.mcu.externaltools.gnu-tools-for-stm32.12.3.rel1.win32_1.1.0.202410251130/tools/bin/../lib/gcc/arm-none-eabi/12.3.1/../../../../arm-none-eabi/lib/thumb/v7e-m+fp/hard\libc_nano.a(libc_a-makebuf.o)
                0x0810e968                __swhatbuf_r
 .text.__smakebuf_r
                0x0810e9b4       0x78 E:/ST/STM32CubeIDE_1.17.0/STM32CubeIDE/plugins/com.st.stm32cube.ide.mcu.externaltools.gnu-tools-for-stm32.12.3.rel1.win32_1.1.0.202410251130/tools/bin/../lib/gcc/arm-none-eabi/12.3.1/../../../../arm-none-eabi/lib/thumb/v7e-m+fp/hard\libc_nano.a(libc_a-makebuf.o)
                0x0810e9b4                __smakebuf_r
 .text.memmove  0x0810ea2c       0x34 E:/ST/STM32CubeIDE_1.17.0/STM32CubeIDE/plugins/com.st.stm32cube.ide.mcu.externaltools.gnu-tools-for-stm32.12.3.rel1.win32_1.1.0.202410251130/tools/bin/../lib/gcc/arm-none-eabi/12.3.1/../../../../arm-none-eabi/lib/thumb/v7e-m+fp/hard\libc_nano.a(libc_a-memmove.o)
                0x0810ea2c                memmove
 .text._fstat_r
                0x0810ea60       0x24 E:/ST/STM32CubeIDE_1.17.0/STM32CubeIDE/plugins/com.st.stm32cube.ide.mcu.externaltools.gnu-tools-for-stm32.12.3.rel1.win32_1.1.0.202410251130/tools/bin/../lib/gcc/arm-none-eabi/12.3.1/../../../../arm-none-eabi/lib/thumb/v7e-m+fp/hard\libc_nano.a(libc_a-fstatr.o)
                0x0810ea60                _fstat_r
 .text._isatty_r
                0x0810ea84       0x20 E:/ST/STM32CubeIDE_1.17.0/STM32CubeIDE/plugins/com.st.stm32cube.ide.mcu.externaltools.gnu-tools-for-stm32.12.3.rel1.win32_1.1.0.202410251130/tools/bin/../lib/gcc/arm-none-eabi/12.3.1/../../../../arm-none-eabi/lib/thumb/v7e-m+fp/hard\libc_nano.a(libc_a-isattyr.o)
                0x0810ea84                _isatty_r
 .text._sbrk_r  0x0810eaa4       0x20 E:/ST/STM32CubeIDE_1.17.0/STM32CubeIDE/plugins/com.st.stm32cube.ide.mcu.externaltools.gnu-tools-for-stm32.12.3.rel1.win32_1.1.0.202410251130/tools/bin/../lib/gcc/arm-none-eabi/12.3.1/../../../../arm-none-eabi/lib/thumb/v7e-m+fp/hard\libc_nano.a(libc_a-sbrkr.o)
                0x0810eaa4                _sbrk_r
 .text.memcpy   0x0810eac4       0x1c E:/ST/STM32CubeIDE_1.17.0/STM32CubeIDE/plugins/com.st.stm32cube.ide.mcu.externaltools.gnu-tools-for-stm32.12.3.rel1.win32_1.1.0.202410251130/tools/bin/../lib/gcc/arm-none-eabi/12.3.1/../../../../arm-none-eabi/lib/thumb/v7e-m+fp/hard\libc_nano.a(libc_a-memcpy-stub.o)
                0x0810eac4                memcpy
 .text.__assert_func
                0x0810eae0       0x3c E:/ST/STM32CubeIDE_1.17.0/STM32CubeIDE/plugins/com.st.stm32cube.ide.mcu.externaltools.gnu-tools-for-stm32.12.3.rel1.win32_1.1.0.202410251130/tools/bin/../lib/gcc/arm-none-eabi/12.3.1/../../../../arm-none-eabi/lib/thumb/v7e-m+fp/hard\libc_nano.a(libc_a-assert.o)
                0x0810eae0                __assert_func
 .text._calloc_r
                0x0810eb1c       0x28 E:/ST/STM32CubeIDE_1.17.0/STM32CubeIDE/plugins/com.st.stm32cube.ide.mcu.externaltools.gnu-tools-for-stm32.12.3.rel1.win32_1.1.0.202410251130/tools/bin/../lib/gcc/arm-none-eabi/12.3.1/../../../../arm-none-eabi/lib/thumb/v7e-m+fp/hard\libc_nano.a(libc_a-callocr.o)
                0x0810eb1c                _calloc_r
 .text.__ascii_mbtowc
                0x0810eb44       0x24 E:/ST/STM32CubeIDE_1.17.0/STM32CubeIDE/plugins/com.st.stm32cube.ide.mcu.externaltools.gnu-tools-for-stm32.12.3.rel1.win32_1.1.0.202410251130/tools/bin/../lib/gcc/arm-none-eabi/12.3.1/../../../../arm-none-eabi/lib/thumb/v7e-m+fp/hard\libc_nano.a(libc_a-mbtowc_r.o)
                0x0810eb44                __ascii_mbtowc
 .text._realloc_r
                0x0810eb68       0x5c E:/ST/STM32CubeIDE_1.17.0/STM32CubeIDE/plugins/com.st.stm32cube.ide.mcu.externaltools.gnu-tools-for-stm32.12.3.rel1.win32_1.1.0.202410251130/tools/bin/../lib/gcc/arm-none-eabi/12.3.1/../../../../arm-none-eabi/lib/thumb/v7e-m+fp/hard\libc_nano.a(libc_a-reallocr.o)
                0x0810eb68                _realloc_r
 .text.__ascii_wctomb
                0x0810ebc4       0x1a E:/ST/STM32CubeIDE_1.17.0/STM32CubeIDE/plugins/com.st.stm32cube.ide.mcu.externaltools.gnu-tools-for-stm32.12.3.rel1.win32_1.1.0.202410251130/tools/bin/../lib/gcc/arm-none-eabi/12.3.1/../../../../arm-none-eabi/lib/thumb/v7e-m+fp/hard\libc_nano.a(libc_a-wctomb_r.o)
                0x0810ebc4                __ascii_wctomb
 *fill*         0x0810ebde        0x2 
 .text.fprintf  0x0810ebe0       0x24 E:/ST/STM32CubeIDE_1.17.0/STM32CubeIDE/plugins/com.st.stm32cube.ide.mcu.externaltools.gnu-tools-for-stm32.12.3.rel1.win32_1.1.0.202410251130/tools/bin/../lib/gcc/arm-none-eabi/12.3.1/../../../../arm-none-eabi/lib/thumb/v7e-m+fp/hard\libc_nano.a(libc_a-fprintf.o)
                0x0810ebe0                fiprintf
                0x0810ebe0                fprintf
 .text.abort    0x0810ec04        0xe E:/ST/STM32CubeIDE_1.17.0/STM32CubeIDE/plugins/com.st.stm32cube.ide.mcu.externaltools.gnu-tools-for-stm32.12.3.rel1.win32_1.1.0.202410251130/tools/bin/../lib/gcc/arm-none-eabi/12.3.1/../../../../arm-none-eabi/lib/thumb/v7e-m+fp/hard\libc_nano.a(libc_a-abort.o)
                0x0810ec04                abort
 .text._malloc_usable_size_r
                0x0810ec12       0x10 E:/ST/STM32CubeIDE_1.17.0/STM32CubeIDE/plugins/com.st.stm32cube.ide.mcu.externaltools.gnu-tools-for-stm32.12.3.rel1.win32_1.1.0.202410251130/tools/bin/../lib/gcc/arm-none-eabi/12.3.1/../../../../arm-none-eabi/lib/thumb/v7e-m+fp/hard\libc_nano.a(libc_a-msizer.o)
                0x0810ec12                _malloc_usable_size_r
 .text._raise_r
                0x0810ec22       0x50 E:/ST/STM32CubeIDE_1.17.0/STM32CubeIDE/plugins/com.st.stm32cube.ide.mcu.externaltools.gnu-tools-for-stm32.12.3.rel1.win32_1.1.0.202410251130/tools/bin/../lib/gcc/arm-none-eabi/12.3.1/../../../../arm-none-eabi/lib/thumb/v7e-m+fp/hard\libc_nano.a(libc_a-signal.o)
                0x0810ec22                _raise_r
 *fill*         0x0810ec72        0x2 
 .text.raise    0x0810ec74       0x10 E:/ST/STM32CubeIDE_1.17.0/STM32CubeIDE/plugins/com.st.stm32cube.ide.mcu.externaltools.gnu-tools-for-stm32.12.3.rel1.win32_1.1.0.202410251130/tools/bin/../lib/gcc/arm-none-eabi/12.3.1/../../../../arm-none-eabi/lib/thumb/v7e-m+fp/hard\libc_nano.a(libc_a-signal.o)
                0x0810ec74                raise
 .text._kill_r  0x0810ec84       0x24 E:/ST/STM32CubeIDE_1.17.0/STM32CubeIDE/plugins/com.st.stm32cube.ide.mcu.externaltools.gnu-tools-for-stm32.12.3.rel1.win32_1.1.0.202410251130/tools/bin/../lib/gcc/arm-none-eabi/12.3.1/../../../../arm-none-eabi/lib/thumb/v7e-m+fp/hard\libc_nano.a(libc_a-signalr.o)
                0x0810ec84                _kill_r
 .text._getpid_r
                0x0810eca8        0x4 E:/ST/STM32CubeIDE_1.17.0/STM32CubeIDE/plugins/com.st.stm32cube.ide.mcu.externaltools.gnu-tools-for-stm32.12.3.rel1.win32_1.1.0.202410251130/tools/bin/../lib/gcc/arm-none-eabi/12.3.1/../../../../arm-none-eabi/lib/thumb/v7e-m+fp/hard\libc_nano.a(libc_a-signalr.o)
                0x0810eca8                _getpid_r
 .text.asin     0x0810ecac       0x68 E:/ST/STM32CubeIDE_1.17.0/STM32CubeIDE/plugins/com.st.stm32cube.ide.mcu.externaltools.gnu-tools-for-stm32.12.3.rel1.win32_1.1.0.202410251130/tools/bin/../lib/gcc/arm-none-eabi/12.3.1/../../../../arm-none-eabi/lib/thumb/v7e-m+fp/hard\libm.a(libm_a-w_asin.o)
                0x0810ecac                asin
 .text.atan2    0x0810ed14        0x4 E:/ST/STM32CubeIDE_1.17.0/STM32CubeIDE/plugins/com.st.stm32cube.ide.mcu.externaltools.gnu-tools-for-stm32.12.3.rel1.win32_1.1.0.202410251130/tools/bin/../lib/gcc/arm-none-eabi/12.3.1/../../../../arm-none-eabi/lib/thumb/v7e-m+fp/hard\libm.a(libm_a-w_atan2.o)
                0x0810ed14                atan2
 .text.fabs     0x0810ed18       0x10 E:/ST/STM32CubeIDE_1.17.0/STM32CubeIDE/plugins/com.st.stm32cube.ide.mcu.externaltools.gnu-tools-for-stm32.12.3.rel1.win32_1.1.0.202410251130/tools/bin/../lib/gcc/arm-none-eabi/12.3.1/../../../../arm-none-eabi/lib/thumb/v7e-m+fp/hard\libm.a(libm_a-s_fabs.o)
                0x0810ed18                fabs
 .text.nan      0x0810ed28       0x10 E:/ST/STM32CubeIDE_1.17.0/STM32CubeIDE/plugins/com.st.stm32cube.ide.mcu.externaltools.gnu-tools-for-stm32.12.3.rel1.win32_1.1.0.202410251130/tools/bin/../lib/gcc/arm-none-eabi/12.3.1/../../../../arm-none-eabi/lib/thumb/v7e-m+fp/hard\libm.a(libm_a-s_nan.o)
                0x0810ed28                nan
 .text.__ieee754_asin
                0x0810ed38      0x408 E:/ST/STM32CubeIDE_1.17.0/STM32CubeIDE/plugins/com.st.stm32cube.ide.mcu.externaltools.gnu-tools-for-stm32.12.3.rel1.win32_1.1.0.202410251130/tools/bin/../lib/gcc/arm-none-eabi/12.3.1/../../../../arm-none-eabi/lib/thumb/v7e-m+fp/hard\libm.a(libm_a-e_asin.o)
                0x0810ed38                __ieee754_asin
 .text.__ieee754_atan2
                0x0810f140      0x18c E:/ST/STM32CubeIDE_1.17.0/STM32CubeIDE/plugins/com.st.stm32cube.ide.mcu.externaltools.gnu-tools-for-stm32.12.3.rel1.win32_1.1.0.202410251130/tools/bin/../lib/gcc/arm-none-eabi/12.3.1/../../../../arm-none-eabi/lib/thumb/v7e-m+fp/hard\libm.a(libm_a-e_atan2.o)
                0x0810f140                __ieee754_atan2
 *fill*         0x0810f2cc        0x4 
 .text.atan     0x0810f2d0      0x330 E:/ST/STM32CubeIDE_1.17.0/STM32CubeIDE/plugins/com.st.stm32cube.ide.mcu.externaltools.gnu-tools-for-stm32.12.3.rel1.win32_1.1.0.202410251130/tools/bin/../lib/gcc/arm-none-eabi/12.3.1/../../../../arm-none-eabi/lib/thumb/v7e-m+fp/hard\libm.a(libm_a-s_atan.o)
                0x0810f2d0                atan
 .text.__ieee754_sqrt
                0x0810f600      0x1b4 E:/ST/STM32CubeIDE_1.17.0/STM32CubeIDE/plugins/com.st.stm32cube.ide.mcu.externaltools.gnu-tools-for-stm32.12.3.rel1.win32_1.1.0.202410251130/tools/bin/../lib/gcc/arm-none-eabi/12.3.1/../../../../arm-none-eabi/lib/thumb/v7e-m+fp/hard\libm.a(libm_a-e_sqrt.o)
                0x0810f600                __ieee754_sqrt
 *(.glue_7)
 .glue_7        0x0810f7b4        0x0 linker stubs
 *(.glue_7t)
 .glue_7t       0x0810f7b4        0x0 linker stubs
 *(.eh_frame)
 .eh_frame      0x0810f7b4        0x0 E:/ST/STM32CubeIDE_1.17.0/STM32CubeIDE/plugins/com.st.stm32cube.ide.mcu.externaltools.gnu-tools-for-stm32.12.3.rel1.win32_1.1.0.202410251130/tools/bin/../lib/gcc/arm-none-eabi/12.3.1/thumb/v7e-m+fp/hard/crtbegin.o
 *(.init)
 .init          0x0810f7b4        0x4 E:/ST/STM32CubeIDE_1.17.0/STM32CubeIDE/plugins/com.st.stm32cube.ide.mcu.externaltools.gnu-tools-for-stm32.12.3.rel1.win32_1.1.0.202410251130/tools/bin/../lib/gcc/arm-none-eabi/12.3.1/thumb/v7e-m+fp/hard/crti.o
                0x0810f7b4                _init
 .init          0x0810f7b8        0x8 E:/ST/STM32CubeIDE_1.17.0/STM32CubeIDE/plugins/com.st.stm32cube.ide.mcu.externaltools.gnu-tools-for-stm32.12.3.rel1.win32_1.1.0.202410251130/tools/bin/../lib/gcc/arm-none-eabi/12.3.1/thumb/v7e-m+fp/hard/crtn.o
 *(.fini)
 .fini          0x0810f7c0        0x4 E:/ST/STM32CubeIDE_1.17.0/STM32CubeIDE/plugins/com.st.stm32cube.ide.mcu.externaltools.gnu-tools-for-stm32.12.3.rel1.win32_1.1.0.202410251130/tools/bin/../lib/gcc/arm-none-eabi/12.3.1/thumb/v7e-m+fp/hard/crti.o
                0x0810f7c0                _fini
 .fini          0x0810f7c4        0x8 E:/ST/STM32CubeIDE_1.17.0/STM32CubeIDE/plugins/com.st.stm32cube.ide.mcu.externaltools.gnu-tools-for-stm32.12.3.rel1.win32_1.1.0.202410251130/tools/bin/../lib/gcc/arm-none-eabi/12.3.1/thumb/v7e-m+fp/hard/crtn.o
                0x0810f7cc                        . = ALIGN (0x4)
                0x0810f7cc                        _etext = .

.vfp11_veneer   0x0810f7cc        0x0
 .vfp11_veneer  0x0810f7cc        0x0 linker stubs

.v4_bx          0x0810f7cc        0x0
 .v4_bx         0x0810f7cc        0x0 linker stubs

.iplt           0x0810f7cc        0x0
 .iplt          0x0810f7cc        0x0 E:/ST/STM32CubeIDE_1.17.0/STM32CubeIDE/plugins/com.st.stm32cube.ide.mcu.externaltools.gnu-tools-for-stm32.12.3.rel1.win32_1.1.0.202410251130/tools/bin/../lib/gcc/arm-none-eabi/12.3.1/thumb/v7e-m+fp/hard/crtbegin.o

.rodata         0x0810f7d0      0xaf8
                0x0810f7d0                        . = ALIGN (0x4)
 *(.rodata)
 .rodata        0x0810f7d0       0x6a ./Core/Src/main.o
 *fill*         0x0810f83a        0x2 
 .rodata        0x0810f83c       0x48 ./Middlewares/Third_Party/FatFs/ff.o
 .rodata        0x0810f884      0x1ee ./Peripheral/Src/fatfs_sd.o
 *(.rodata*)
 *fill*         0x0810fa72        0x2 
 .rodata.D1CorePrescTable
                0x0810fa74       0x10 ./Common/Src/system_stm32h7xx_dualcore_boot_cm4_cm7.o
                0x0810fa74                D1CorePrescTable
 .rodata.UARTPrescTable
                0x0810fa84       0x18 ./Drivers/STM32H7xx_HAL_Driver/stm32h7xx_hal_uart.o
                0x0810fa84                UARTPrescTable
 .rodata.numerator.1
                0x0810fa9c        0x8 ./Drivers/STM32H7xx_HAL_Driver/stm32h7xx_hal_uart_ex.o
 .rodata.denominator.0
                0x0810faa4        0x8 ./Drivers/STM32H7xx_HAL_Driver/stm32h7xx_hal_uart_ex.o
 .rodata.Tbl    0x0810faac      0x100 ./Middlewares/Third_Party/FatFs/ccsbcs.o
 .rodata.cvt1.1
                0x0810fbac      0x1f2 ./Middlewares/Third_Party/FatFs/ccsbcs.o
 *fill*         0x0810fd9e        0x2 
 .rodata.cvt2.0
                0x0810fda0       0xbc ./Middlewares/Third_Party/FatFs/ccsbcs.o
 .rodata.ExCvt  0x0810fe5c       0x80 ./Middlewares/Third_Party/FatFs/ff.o
 .rodata.LfnOfs
                0x0810fedc        0xd ./Middlewares/Third_Party/FatFs/ff.o
 .rodata._printf_float.str1.1
                0x0810fee9       0x12 E:/ST/STM32CubeIDE_1.17.0/STM32CubeIDE/plugins/com.st.stm32cube.ide.mcu.externaltools.gnu-tools-for-stm32.12.3.rel1.win32_1.1.0.202410251130/tools/bin/../lib/gcc/arm-none-eabi/12.3.1/../../../../arm-none-eabi/lib/thumb/v7e-m+fp/hard\libc_nano.a(libc_a-nano-vfprintf_float.o)
 .rodata._printf_i.str1.1
                0x0810fefb       0x22 E:/ST/STM32CubeIDE_1.17.0/STM32CubeIDE/plugins/com.st.stm32cube.ide.mcu.externaltools.gnu-tools-for-stm32.12.3.rel1.win32_1.1.0.202410251130/tools/bin/../lib/gcc/arm-none-eabi/12.3.1/../../../../arm-none-eabi/lib/thumb/v7e-m+fp/hard\libc_nano.a(libc_a-nano-vfprintf_i.o)
 .rodata._dtoa_r.str1.1
                0x0810ff1d       0x8d E:/ST/STM32CubeIDE_1.17.0/STM32CubeIDE/plugins/com.st.stm32cube.ide.mcu.externaltools.gnu-tools-for-stm32.12.3.rel1.win32_1.1.0.202410251130/tools/bin/../lib/gcc/arm-none-eabi/12.3.1/../../../../arm-none-eabi/lib/thumb/v7e-m+fp/hard\libc_nano.a(libc_a-dtoa.o)
                                 0x8f (size before relaxing)
 .rodata._Balloc.str1.1
                0x0810ffaa       0x59 E:/ST/STM32CubeIDE_1.17.0/STM32CubeIDE/plugins/com.st.stm32cube.ide.mcu.externaltools.gnu-tools-for-stm32.12.3.rel1.win32_1.1.0.202410251130/tools/bin/../lib/gcc/arm-none-eabi/12.3.1/../../../../arm-none-eabi/lib/thumb/v7e-m+fp/hard\libc_nano.a(libc_a-mprec.o)
                                 0x70 (size before relaxing)
 .rodata.__multadd.str1.1
                0x08110003       0x11 E:/ST/STM32CubeIDE_1.17.0/STM32CubeIDE/plugins/com.st.stm32cube.ide.mcu.externaltools.gnu-tools-for-stm32.12.3.rel1.win32_1.1.0.202410251130/tools/bin/../lib/gcc/arm-none-eabi/12.3.1/../../../../arm-none-eabi/lib/thumb/v7e-m+fp/hard\libc_nano.a(libc_a-mprec.o)
 *fill*         0x08110003        0x1 
 .rodata.p05.0  0x08110004        0xc E:/ST/STM32CubeIDE_1.17.0/STM32CubeIDE/plugins/com.st.stm32cube.ide.mcu.externaltools.gnu-tools-for-stm32.12.3.rel1.win32_1.1.0.202410251130/tools/bin/../lib/gcc/arm-none-eabi/12.3.1/../../../../arm-none-eabi/lib/thumb/v7e-m+fp/hard\libc_nano.a(libc_a-mprec.o)
 .rodata.__mprec_bigtens
                0x08110010       0x28 E:/ST/STM32CubeIDE_1.17.0/STM32CubeIDE/plugins/com.st.stm32cube.ide.mcu.externaltools.gnu-tools-for-stm32.12.3.rel1.win32_1.1.0.202410251130/tools/bin/../lib/gcc/arm-none-eabi/12.3.1/../../../../arm-none-eabi/lib/thumb/v7e-m+fp/hard\libc_nano.a(libc_a-mprec.o)
                0x08110010                __mprec_bigtens
 .rodata.__mprec_tens
                0x08110038       0xc8 E:/ST/STM32CubeIDE_1.17.0/STM32CubeIDE/plugins/com.st.stm32cube.ide.mcu.externaltools.gnu-tools-for-stm32.12.3.rel1.win32_1.1.0.202410251130/tools/bin/../lib/gcc/arm-none-eabi/12.3.1/../../../../arm-none-eabi/lib/thumb/v7e-m+fp/hard\libc_nano.a(libc_a-mprec.o)
                0x08110038                __mprec_tens
 .rodata._svfprintf_r.str1.1
                0x08110100       0x11 E:/ST/STM32CubeIDE_1.17.0/STM32CubeIDE/plugins/com.st.stm32cube.ide.mcu.externaltools.gnu-tools-for-stm32.12.3.rel1.win32_1.1.0.202410251130/tools/bin/../lib/gcc/arm-none-eabi/12.3.1/../../../../arm-none-eabi/lib/thumb/v7e-m+fp/hard\libc_nano.a(libc_a-nano-svfprintf.o)
 .rodata._vfprintf_r.str1.1
                0x08110111       0x11 E:/ST/STM32CubeIDE_1.17.0/STM32CubeIDE/plugins/com.st.stm32cube.ide.mcu.externaltools.gnu-tools-for-stm32.12.3.rel1.win32_1.1.0.202410251130/tools/bin/../lib/gcc/arm-none-eabi/12.3.1/../../../../arm-none-eabi/lib/thumb/v7e-m+fp/hard\libc_nano.a(libc_a-nano-vfprintf.o)
 .rodata._setlocale_r.str1.1
                0x08110111        0x8 E:/ST/STM32CubeIDE_1.17.0/STM32CubeIDE/plugins/com.st.stm32cube.ide.mcu.externaltools.gnu-tools-for-stm32.12.3.rel1.win32_1.1.0.202410251130/tools/bin/../lib/gcc/arm-none-eabi/12.3.1/../../../../arm-none-eabi/lib/thumb/v7e-m+fp/hard\libc_nano.a(libc_a-locale.o)
                                  0x9 (size before relaxing)
 .rodata.str1.1
                0x08110119        0x2 E:/ST/STM32CubeIDE_1.17.0/STM32CubeIDE/plugins/com.st.stm32cube.ide.mcu.externaltools.gnu-tools-for-stm32.12.3.rel1.win32_1.1.0.202410251130/tools/bin/../lib/gcc/arm-none-eabi/12.3.1/../../../../arm-none-eabi/lib/thumb/v7e-m+fp/hard\libc_nano.a(libc_a-locale.o)
 .rodata.__assert_func.str1.1
                0x0811011b       0x3c E:/ST/STM32CubeIDE_1.17.0/STM32CubeIDE/plugins/com.st.stm32cube.ide.mcu.externaltools.gnu-tools-for-stm32.12.3.rel1.win32_1.1.0.202410251130/tools/bin/../lib/gcc/arm-none-eabi/12.3.1/../../../../arm-none-eabi/lib/thumb/v7e-m+fp/hard\libc_nano.a(libc_a-assert.o)
                                 0x3d (size before relaxing)
 .rodata._ctype_
                0x08110157      0x101 E:/ST/STM32CubeIDE_1.17.0/STM32CubeIDE/plugins/com.st.stm32cube.ide.mcu.externaltools.gnu-tools-for-stm32.12.3.rel1.win32_1.1.0.202410251130/tools/bin/../lib/gcc/arm-none-eabi/12.3.1/../../../../arm-none-eabi/lib/thumb/v7e-m+fp/hard\libc_nano.a(libc_a-ctype_.o)
                0x08110157                _ctype_
 .rodata.asin.str1.1
                0x08110258        0x1 E:/ST/STM32CubeIDE_1.17.0/STM32CubeIDE/plugins/com.st.stm32cube.ide.mcu.externaltools.gnu-tools-for-stm32.12.3.rel1.win32_1.1.0.202410251130/tools/bin/../lib/gcc/arm-none-eabi/12.3.1/../../../../arm-none-eabi/lib/thumb/v7e-m+fp/hard\libm.a(libm_a-w_asin.o)
 .rodata.CSWTCH.9
                0x08110258       0x18 E:/ST/STM32CubeIDE_1.17.0/STM32CubeIDE/plugins/com.st.stm32cube.ide.mcu.externaltools.gnu-tools-for-stm32.12.3.rel1.win32_1.1.0.202410251130/tools/bin/../lib/gcc/arm-none-eabi/12.3.1/../../../../arm-none-eabi/lib/thumb/v7e-m+fp/hard\libm.a(libm_a-e_atan2.o)
 .rodata.CSWTCH.8
                0x08110270       0x18 E:/ST/STM32CubeIDE_1.17.0/STM32CubeIDE/plugins/com.st.stm32cube.ide.mcu.externaltools.gnu-tools-for-stm32.12.3.rel1.win32_1.1.0.202410251130/tools/bin/../lib/gcc/arm-none-eabi/12.3.1/../../../../arm-none-eabi/lib/thumb/v7e-m+fp/hard\libm.a(libm_a-e_atan2.o)
 .rodata.atanlo
                0x08110288       0x20 E:/ST/STM32CubeIDE_1.17.0/STM32CubeIDE/plugins/com.st.stm32cube.ide.mcu.externaltools.gnu-tools-for-stm32.12.3.rel1.win32_1.1.0.202410251130/tools/bin/../lib/gcc/arm-none-eabi/12.3.1/../../../../arm-none-eabi/lib/thumb/v7e-m+fp/hard\libm.a(libm_a-s_atan.o)
 .rodata.atanhi
                0x081102a8       0x20 E:/ST/STM32CubeIDE_1.17.0/STM32CubeIDE/plugins/com.st.stm32cube.ide.mcu.externaltools.gnu-tools-for-stm32.12.3.rel1.win32_1.1.0.202410251130/tools/bin/../lib/gcc/arm-none-eabi/12.3.1/../../../../arm-none-eabi/lib/thumb/v7e-m+fp/hard\libm.a(libm_a-s_atan.o)
                0x081102c8                        . = ALIGN (0x4)

.ARM.extab
 *(.ARM.extab* .gnu.linkonce.armextab.*)

.ARM            0x081102c8        0x8
                0x081102c8                        __exidx_start = .
 *(.ARM.exidx*)
 .ARM.exidx     0x081102c8        0x8 E:/ST/STM32CubeIDE_1.17.0/STM32CubeIDE/plugins/com.st.stm32cube.ide.mcu.externaltools.gnu-tools-for-stm32.12.3.rel1.win32_1.1.0.202410251130/tools/bin/../lib/gcc/arm-none-eabi/12.3.1/../../../../arm-none-eabi/lib/thumb/v7e-m+fp/hard\libc_nano.a(libc_a-strcmp.o)
 .ARM.exidx     0x081102d0        0x0 E:/ST/STM32CubeIDE_1.17.0/STM32CubeIDE/plugins/com.st.stm32cube.ide.mcu.externaltools.gnu-tools-for-stm32.12.3.rel1.win32_1.1.0.202410251130/tools/bin/../lib/gcc/arm-none-eabi/12.3.1/../../../../arm-none-eabi/lib/thumb/v7e-m+fp/hard\libc_nano.a(libc_a-memchr.o)
                                  0x8 (size before relaxing)
 .ARM.exidx     0x081102d0        0x0 E:/ST/STM32CubeIDE_1.17.0/STM32CubeIDE/plugins/com.st.stm32cube.ide.mcu.externaltools.gnu-tools-for-stm32.12.3.rel1.win32_1.1.0.202410251130/tools/bin/../lib/gcc/arm-none-eabi/12.3.1/../../../../arm-none-eabi/lib/thumb/v7e-m+fp/hard\libc_nano.a(libc_a-strlen.o)
                                  0x8 (size before relaxing)
 .ARM.exidx     0x081102d0        0x0 E:/ST/STM32CubeIDE_1.17.0/STM32CubeIDE/plugins/com.st.stm32cube.ide.mcu.externaltools.gnu-tools-for-stm32.12.3.rel1.win32_1.1.0.202410251130/tools/bin/../lib/gcc/arm-none-eabi/12.3.1/thumb/v7e-m+fp/hard\libgcc.a(_udivmoddi4.o)
                                  0x8 (size before relaxing)
                0x081102d0                        __exidx_end = .

.preinit_array  0x081102d0        0x0
                0x081102d0                        PROVIDE (__preinit_array_start = .)
 *(.preinit_array*)
                0x081102d0                        PROVIDE (__preinit_array_end = .)

.init_array     0x081102d0        0x4
                0x081102d0                        PROVIDE (__init_array_start = .)
 *(SORT_BY_NAME(.init_array.*))
 *(.init_array*)
 .init_array    0x081102d0        0x4 E:/ST/STM32CubeIDE_1.17.0/STM32CubeIDE/plugins/com.st.stm32cube.ide.mcu.externaltools.gnu-tools-for-stm32.12.3.rel1.win32_1.1.0.202410251130/tools/bin/../lib/gcc/arm-none-eabi/12.3.1/thumb/v7e-m+fp/hard/crtbegin.o
                0x081102d4                        PROVIDE (__init_array_end = .)

.fini_array     0x081102d4        0x4
                [!provide]                        PROVIDE (__fini_array_start = .)
 *(SORT_BY_NAME(.fini_array.*))
 *(.fini_array*)
 .fini_array    0x081102d4        0x4 E:/ST/STM32CubeIDE_1.17.0/STM32CubeIDE/plugins/com.st.stm32cube.ide.mcu.externaltools.gnu-tools-for-stm32.12.3.rel1.win32_1.1.0.202410251130/tools/bin/../lib/gcc/arm-none-eabi/12.3.1/thumb/v7e-m+fp/hard/crtbegin.o