../Core/Src/main.c:77:5:main	16	static
../Core/Src/main.c:150:6:SystemClock_Config	120	static
../Core/Src/main.c:210:6:MX_I2C1_Init	8	static
../Core/Src/main.c:258:6:MX_I2C2_Init	8	static
../Core/Src/main.c:306:6:MX_I2C4_Init	8	static
../Core/Src/main.c:354:6:MX_SPI1_Init	8	static
../Core/Src/main.c:402:6:MX_USART2_UART_Init	8	static
../Core/Src/main.c:450:6:MX_USART3_UART_Init	8	static
../Core/Src/main.c:498:13:MX_GPIO_Init	32	static
../Core/Src/main.c:527:6:Error_Handler	4	static,ignoring_inline_asm
