../Peripheral/Src/SHT31.c:30:6:SHT31_Config	24	static
../Peripheral/Src/SHT31.c:40:14:SHT31_SendCommand	32	static
../Peripheral/Src/SHT31.c:49:14:SHT31_GetBytes	32	static
../Peripheral/Src/SHT31.c:57:14:SHT31_GetData	72	static
../Peripheral/Src/SHT31.c:116:10:SHT31_GetCommand	16	static
../Peripheral/Src/SHT31.c:130:9:SHT31_CRC_8	24	static
../Peripheral/Src/SHT31.c:145:7:SHT31_GetHumidity	8	static
../Peripheral/Src/SHT31.c:148:7:SHT31_GetTemperature	8	static
../Peripheral/Src/SHT31.c:152:10:SHT31_GetHumidity_raw	4	static
../Peripheral/Src/SHT31.c:155:10:SHT31_GetTemperature_raw	4	static
